Script started on Thu 11 Apr 2019 09:48:21 AM PDT
wallocs@CF165-13:~$ cd
wallocs@CF165-13:~$ ls
CSCI 141  CSCI 241   Downloads	Pictures   typescript
CSCI 145  Desktop    Lab1.zip	Public	   Videos
csci241   Documents  Music	Templates  Walloch_Seth_simpleMath.py
wallocs@CF165-13:~$ cd csci241
wallocs@CF165-13:~/csci241$ git clone https://github.com/CSCI241Spring2019/lab-1 -sethwalloch.git
Cloning into 'lab-1-sethwalloch'...
remote: Enumerating objects: 8, done.[K
remote: Counting objects:  12% (1/8)   [Kremote: Counting objects:  25% (2/8)   [Kremote: Counting objects:  37% (3/8)   [Kremote: Counting objects:  50% (4/8)   [Kremote: Counting objects:  62% (5/8)   [Kremote: Counting objects:  75% (6/8)   [Kremote: Counting objects:  87% (7/8)   [Kremote: Counting objects: 100% (8/8)   [Kremote: Counting objects: 100% (8/8), done.[K
remote: Compressing objects:  25% (1/4)   [Kremote: Compressing objects:  50% (2/4)   [Kremote: Compressing objects:  75% (3/4)   [Kremote: Compressing objects: 100% (4/4)   [Kremote: Compressing objects: 100% (4/4), done.[K
remote: Total 8 (delta 0), reused 8 (delta 0), pack-reused 0[K
Unpacking objects:  12% (1/8)   Unpacking objects:  25% (2/8)   Unpacking objects:  37% (3/8)   Unpacking objects:  50% (4/8)   Unpacking objects:  62% (5/8)   Unpacking objects:  75% (6/8)   Unpacking objects:  87% (7/8)   Unpacking objects: 100% (8/8)   Unpacking objects: 100% (8/8), done.
Checking connectivity... done.
wallocs@CF165-13:~/csci241$ git config globa[K[K[K[K[K--global user.name "Serth[K[K[K[K[Ksethwalloch"
wallocs@CF165-13:~/csci241$ git confi[K[K[K[K[Kconfig -- [Kglobal user.emia[K[Kail wallocs@wwu.edu
wallocs@CF165-13:~/csci241$ touch writeup.txt
wallocs@CF165-13:~/csci241$ git add wrtieu[K[K[K[K[Kriteup.txt
fatal: Not a git repository (or any parent up to mount point /home)
Stopping at filesystem boundary (GIT_DISCOVERY_ACROSS_FILESYSTEM not set).
wallocs@CF165-13:~/csci241$ touch writeup.txt
wallocs@CF165-13:~/csci241$ git add writeup.txt
fatal: Not a git repository (or any parent up to mount point /home)
Stopping at filesystem boundary (GIT_DISCOVERY_ACROSS_FILESYSTEM not set).
wallocs@CF165-13:~/csci241$ ls
lab-1-sethwalloch  writeup.txt
wallocs@CF165-13:~/csci241$ cd lab-1-sethwalloch
wallocs@CF165-13:~/csci241/lab-1-sethwalloch$ touch writeup.txt
wallocs@CF165-13:~/csci241/lab-1-sethwalloch$ git add writeup.txt
wallocs@CF165-13:~/csci241/lab-1-sethwalloch$ git commit -m "added empty writeup "
[master d12cc90] added empty writeup
 1 file changed, 0 insertions(+), 0 deletions(-)
 create mode 100644 writeup.txt
wallocs@CF165-13:~/csci241/lab-1-sethwalloch$ git push
warning: push.default is unset; its implicit value has changed in
Git 2.0 from 'matching' to 'simple'. To squelch this message
and maintain the traditional behavior, use:

  git config --global push.default matching

To squelch this message and adopt the new behavior now, use:

  git config --global push.default simple

When push.default is set to 'matching', git will push local branches
to the remote branches that already exist with the same name.

Since Git 2.0, Git defaults to the more conservative 'simple'
behavior, which only pushes the current branch to the corresponding
remote branch that 'git pull' uses to update the current branch.

See 'git help config' and search for 'push.default' for further information.
(the 'simple' mode was introduced in Git 1.7.11. Use the similar mode
'current' instead of 'simple' if you sometimes use older versions of Git)

Username for 'https://github.com': git   serth   thwalloch
Password for 'https://sethwalloch@github.com': 
remote: Invalid username or password.
fatal: Authentication failed for 'https://github.com/CSCI241Spring2019/lab-1-sethwalloch.git/'
wallocs@CF165-13:~/csci241/lab-1-sethwalloch$ git push
warning: push.default is unset; its implicit value has changed in
Git 2.0 from 'matching' to 'simple'. To squelch this message
and maintain the traditional behavior, use:

  git config --global push.default matching

To squelch this message and adopt the new behavior now, use:

  git config --global push.default simple

When push.default is set to 'matching', git will push local branches
to the remote branches that already exist with the same name.

Since Git 2.0, Git defaults to the more conservative 'simple'
behavior, which only pushes the current branch to the corresponding
remote branch that 'git pull' uses to update the current branch.

See 'git help config' and search for 'push.default' for further information.
(the 'simple' mode was introduced in Git 1.7.11. Use the similar mode
'current' instead of 'simple' if you sometimes use older versions of Git)

Username for 'https://github.com': sethwalloch
Password for 'https://sethwalloch@github.com': 
remote: Invalid username or password.
fatal: Authentication failed for 'https://github.com/CSCI241Spring2019/lab-1-sethwalloch.git/'
wallocs@CF165-13:~/csci241/lab-1-sethwalloch$ git pa[Kuah[K[Ksh
warning: push.default is unset; its implicit value has changed in
Git 2.0 from 'matching' to 'simple'. To squelch this message
and maintain the traditional behavior, use:

  git config --global push.default matching

To squelch this message and adopt the new behavior now, use:

  git config --global push.default simple

When push.default is set to 'matching', git will push local branches
to the remote branches that already exist with the same name.

Since Git 2.0, Git defaults to the more conservative 'simple'
behavior, which only pushes the current branch to the corresponding
remote branch that 'git pull' uses to update the current branch.

See 'git help config' and search for 'push.default' for further information.
(the 'simple' mode was introduced in Git 1.7.11. Use the similar mode
'current' instead of 'simple' if you sometimes use older versions of Git)

Username for 'https://github.com': sethwalloch
Password for 'https://sethwalloch@github.com': 
remote: Invalid username or password.
fatal: Authentication failed for 'https://github.com/CSCI241Spring2019/lab-1-sethwalloch.git/'
wallocs@CF165-13:~/csci241/lab-1-sethwalloch$ git psuh
git: 'psuh' is not a git command. See 'git --help'.

Did you mean this?
	push
wallocs@CF165-13:~/csci241/lab-1-sethwalloch$ git psuh[K[K[Kush
warning: push.default is unset; its implicit value has changed in
Git 2.0 from 'matching' to 'simple'. To squelch this message
and maintain the traditional behavior, use:

  git config --global push.default matching

To squelch this message and adopt the new behavior now, use:

  git config --global push.default simple

When push.default is set to 'matching', git will push local branches
to the remote branches that already exist with the same name.

Since Git 2.0, Git defaults to the more conservative 'simple'
behavior, which only pushes the current branch to the corresponding
remote branch that 'git pull' uses to update the current branch.

See 'git help config' and search for 'push.default' for further information.
(the 'simple' mode was introduced in Git 1.7.11. Use the similar mode
'current' instead of 'simple' if you sometimes use older versions of Git)

Username for 'https://github.com': sethwalloch
Password for 'https://sethwalloch@github.com': 
remote: Invalid username or password.
fatal: Authentication failed for 'https://github.com/CSCI241Spring2019/lab-1-sethwalloch.git/'
wallocs@CF165-13:~/csci241/lab-1-sethwalloch$ git push [K
warning: push.default is unset; its implicit value has changed in
Git 2.0 from 'matching' to 'simple'. To squelch this message
and maintain the traditional behavior, use:

  git config --global push.default matching

To squelch this message and adopt the new behavior now, use:

  git config --global push.default simple

When push.default is set to 'matching', git will push local branches
to the remote branches that already exist with the same name.

Since Git 2.0, Git defaults to the more conservative 'simple'
behavior, which only pushes the current branch to the corresponding
remote branch that 'git pull' uses to update the current branch.

See 'git help config' and search for 'push.default' for further information.
(the 'simple' mode was introduced in Git 1.7.11. Use the similar mode
'current' instead of 'simple' if you sometimes use older versions of Git)

Username for 'https://github.com': sethwalloch
Password for 'https://sethwalloch@github.com': 
Counting objects: 3, done.
Delta compression using up to 8 threads.
Compressing objects:  50% (1/2)   Compressing objects: 100% (2/2)   Compressing objects: 100% (2/2), done.
Writing objects:  33% (1/3)   Writing objects:  66% (2/3)   Writing objects: 100% (3/3)   Writing objects: 100% (3/3), 313 bytes | 0 bytes/s, done.
Total 3 (delta 0), reused 0 (delta 0)
To https://github.com/CSCI241Spring2019/lab-1-sethwalloch.git
   1523c09..d12cc90  master -> master
wallocs@CF165-13:~/csci241/lab-1-sethwalloch$ edit writeup.txt
Unescaped left brace in regex is deprecated, passed through in regex; marked by <-- HERE in m/%{ <-- HERE (.*?)}/ at /usr/bin/edit line 528.
[?1049h[?1h=[2;1Hâ–½[6n[2;1H  [1;1H]11;?[1;24r[?12;25h[?12l[?25h[27m[23m[m[H[2J[?25l[24;1H"~/csci241/lab-1-sethwalloch/writeup.txt" 0L, 0C[>c[2;1H[94m~                                                                               [3;1H~                                                                               [4;1H~                                                                               [5;1H~                                                                               [6;1H~                                                                               [7;1H~                                                                               [8;1H~                                                                               [9;1H~                                                                               [10;1H~                                                                               [11;1H~                                                                               [12;1H~                                                                               [13;1H~                                                                               [14;1H~                                                                               [15;1H~                                                                               [16;1H~                                                                               [17;1H~                                                                               [18;1H~                                                                               [19;1H~                                                                               [20;1H~                                                                               [21;1H~                                                                               [22;1H~                                                                               [23;1H~                                                                               [m[24;63H0,0-1[9CAll]2;writeup.txt (~/csci241/lab-1-sethwalloch) - VIM]1;writeup.txt[1;1H[?12l[?25h[27m[23m[m[H[2J[?25l[2;1H[94m~                                                                               [3;1H~                                                                               [4;1H~                                                                               [5;1H~                                                                               [6;1H~                                                                               [7;1H~                                                                               [8;1H~                                                                               [9;1H~                                                                               [10;1H~                                                                               [11;1H~                                                                               [12;1H~                                                                               [13;1H~                                                                               [14;1H~                                                                               [15;1H~                                                                               [16;1H~                                                                               [17;1H~                                                                               [18;1H~                                                                               [19;1H~                                                                               [20;1H~                                                                               [21;1H~                                                                               [22;1H~                                                                               [23;1H~                                                                               [m[24;63H0,0-1[9CAll"~/csci241/lab-1-sethwalloch/writeup.txt" 0L, 0C[1;1HP+q436f\P+q6b75\P+q6b64\P+q6b72\P+q6b6c\P+q2332\P+q2334\P+q2569\P+q2a37\P+q6b31\[?12l[?25h[?25l[24;1H[1m-- INSERT --[m[24;13H[K[24;63H0,1[11CAll[1;1H[?12l[?25h[?25le[24;63H1,2]2;writeup.txt + (~/csci241/lab-1-sethwalloch) - VIM]1;writeup.txt[1;2H[?12l[?25h[?25lt[24;65H3[1;3H[?12l[?25h[?25lh[24;65H4[1;4H[?12l[?25h[?25l[24;65H5[1;5H[?12l[?25h[?25l[24;65H4[1;4H[?12l[?25h[?25l[1;3H[K[24;65H3[1;3H[?12l[?25h[?25l[1;2H[K[24;65H2[1;2H[?12l[?25h[?25l[1;1H[K[24;65H1[1;1H[?12l[?25h[?25lS[24;65H2[1;2H[?12l[?25h[?25le[24;65H3[1;3H[?12l[?25h[?25lt[24;65H4[1;4H[?12l[?25h[?25lh[24;65H5[1;5H[?12l[?25h[?25l[24;65H6[1;6H[?12l[?25h[?25lQ[24;65H7[1;7H[?12l[?25h[?25l[1;6H[K[24;65H6[1;6H[?12l[?25h[?25lw[24;65H7[1;7H[?12l[?25h[?25lA[24;65H8[1;8H[?12l[?25h[?25lL[24;65H9[1;9H[?12l[?25h[?25lL[24;65H10[1;10H[?12l[?25h[?25l[1;9H[K[24;65H9 [1;9H[?12l[?25h[?25l[1;8H[K[24;65H8[1;8H[?12l[?25h[?25l[1;7H[K[24;65H7[1;7H[?12l[?25h[?25l[1;6H[K[24;65H6[1;6H[?12l[?25h[?25lW[24;65H7[1;7H[?12l[?25h[?25la[24;65H8[1;8H[?12l[?25h[?25ll[24;65H9[1;9H[?12l[?25h[?25ll[24;65H10[1;10H[?12l[?25h[?25loc[24;66H2[1;12H[?12l[?25h[?25lh[24;66H3[1;13H[?12l[?25h[?25l[2;1H[K[24;63H2,1 [2;1H[?12l[?25h[?25l[94m~                                                                               [m[24;63H1,13[1;13H[?12l[?25h[?25l[24;66H4[1;14H[?12l[?25h[?25le[24;66H5[1;15H[?12l[?25h[?25lx[24;66H6[1;16H[?12l[?25h[?25li[24;66H7[1;17H[?12l[?25h[?25lt[24;66H8[1;18H[?12l[?25h[?25l[2;1H[K[24;63H2,1 [2;1H[?12l[?25h[?25l[94m~                                                                               [m[24;63H1,18[1;18H[?12l[?25h[?25l[1;17H[K[24;66H7[1;17H[?12l[?25h[?25l[1;16H[K[24;66H6[1;16H[?12l[?25h[?25l[1;15H[K[24;66H5[1;15H[?12l[?25h[?25l[1;14H[K[24;66H4[1;14H[?12l[?25h[?25l[24;66H3[1;13H[?12l[?25h[24;1H[K[1;12H[?25l[24;63H1,12[10CAll[1;12H[?12l[?25h[?25l[24;66H1[1;11H[?12l[?25h[?25l[24;1H[97m[41mE37: No write since last change (add ! to override)[m[24;63H[K[24;63H1,11[10CAll[1;11H[?12l[?25h[?25l[24;66H2[1;12H[?12l[?25h[?25l[24;66H1[1;11H[?12l[?25h[?25l[24;66H2[1;12H[?12l[?25h[?25l[24;65H6 [1;6H[?12l[?25h[?25l[24;1H[1m-- VISUAL --[m[24;13H[K[24;63H1,6[11CAll[1;6H[?12l[?25h[?25l[24;4H[1mINSERT [m[24;63H[K[24;63H1,6[11CAll[1;6Halloch[1;12H[K[1;6H[?12l[?25h[?25lballoch[24;65H7[1;7H[?12l[?25h[?25l[24;65H6[1;6H[?12l[?25h[?25lwballoch[24;65H7[1;7H[?12l[?25h[?25l[24;65H8[1;8H[?12l[?25h[?25l<F12>alloch[24;65H13[1;13H[?12l[?25h[?25lalloch[1;18H[K[24;66H2[1;12H[?12l[?25h[?25lalloch[1;17H[K[24;66H1[1;11H[?12l[?25h[?25lalloch[1;16H[K[24;66H0[1;10H[?12l[?25h[?25lalloch[1;15H[K[24;65H9 [1;9H[?12l[?25h[?25lalloch[1;14H[K[24;65H8[1;8H[?12l[?25h[?25lalloch[1;13H[K[24;65H7[1;7H[?12l[?25h[?25lalloch[1;12H[K[24;65H6[1;6H[?12l[?25h[?25lWalloch[24;65H7[1;7H[?12l[?25h[?25l[24;65H8[1;8H[?12l[?25h[?25l[24;65H9[1;9H[?12l[?25h[?25l[24;65H10[1;10H[?12l[?25h[?25l[24;66H1[1;11H[?12l[?25h[?25l[24;66H2[1;12H[?12l[?25h[?25l[24;66H3[1;13H[?12l[?25h[?25lY[24;66H4[1;14H[?12l[?25h[?25l[1;13H[K[24;66H3[1;13H[?12l[?25h[?25l:[24;66H4[1;14H[?12l[?25h[?25lQ[24;66H5[1;15H[?12l[?25h[?25l[1;14H[K[24;66H4[1;14H[?12l[?25h[?25l[1;13H[K[24;66H3[1;13H[?12l[?25h[?25l;[24;66H4[1;14H[?12l[?25h[?25lq[24;66H5[1;15H[?12l[?25h[?25l[1;14H[K[24;66H4[1;14H[?12l[?25h[?25l[1;13H[K[24;66H3[1;13H[?12l[?25h[?25lq[24;66H4[1;14H[?12l[?25h[?25l[1;13H[K[24;66H3[1;13H[?12l[?25h[?25l:[24;66H4[1;14H[?12l[?25h[?25l:[24;66H5[1;15H[?12l[?25h[?25lQ[24;66H6[1;16H[?12l[?25h[?25l[1;15H[K[24;66H5[1;15H[?12l[?25h[?25lq[24;66H6[1;16H[?12l[?25h[?25la[24;66H7[1;17H[?12l[?25h[?25l[2;1H[K[24;63H2,1 [2;1H[?12l[?25h[?25l[94m~                                                                               [m[24;63H1,17[1;17H[?12l[?25h[?25l[1;16H[K[24;66H6[1;16H[?12l[?25h[?25l[1;15H[K[24;66H5[1;15H[?12l[?25h[?25l[1;14H[K[24;66H4[1;14H[?12l[?25h[?25l:[24;66H5[1;15H[?12l[?25h[?25l[1;14H[K[24;66H4[1;14H[?12l[?25h[?25l[1;13H[K[24;66H3[1;13H[?12l[?25h[?25l[2;1H[K[24;63H2,1 [2;1H[?12l[?25h[?25l:[24;65H2[2;2H[?12l[?25h[?25l\[24;65H3[2;3H[?12l[?25h[?25l[2;2H[K[24;65H2[2;2H[?12l[?25h[?25l[2;1H[K[24;65H1[2;1H[?12l[?25h[?25l[94m~                                                                               [m[24;63H1,13[1;13H[?12l[?25h[?25lx[24;66H4[1;14H[?12l[?25h[?25l[2;1H[K[24;63H2,1 [2;1H[?12l[?25h[?25l[94m~                                                                               [m[24;63H1,14[1;14H[?12l[?25h[?25l[1;13H[K[24;66H3[1;13H[?12l[?25h[?25l[2;1H[K[24;63H2,1 [2;1H[?12l[?25h[?25lx[24;65H2[2;2H[?12l[?25h[?25l[3;1H[K[24;63H3,1[3;1H[?12l[?25h[?25l[94m~                                                                               [m[24;63H2,2[2;2H[?12l[?25h[?25l[2;1H[K[24;65H1[2;1H[?12l[?25h[?25l[94m~                                                                               [m[24;63H1,13[1;13H[?12l[?25h[?25l[2;1H[K[24;63H2,1 [2;1H[?12l[?25h[?25lx[24;65H2[2;2H[?12l[?25h[?25l![24;65H3[2;3H[?12l[?25h[?25l[3;1H[K[24;63H3,1[3;1H[?12l[?25h[?25l[94m~                                                                               [m[24;63H2,3[2;3H[?12l[?25h[?25l[2;2H[K[24;65H2[2;2H[?12l[?25h[?25l[2;1H[K[24;65H1[2;1H[?12l[?25h[?25l[94m~                                                                               [m[24;63H1,13[1;13H[?12l[?25h[?25l:[24;66H4[1;14H[?12l[?25h[?25lx[24;66H5[1;15H[?12l[?25h[?25l[2;1H[K[24;63H2,1 [2;1H[?12l[?25h[?25l[3;1H[K[24;63H3[3;1H[?12l[?25h[?25l[4;1H[K[24;63H4[4;1H[?12l[?25h[?25l[94m~                                                                               [m[24;63H3[3;1H[?12l[?25h[?25l[94m~                                                                               [m[24;63H2[2;1H[?12l[?25h[?25l[94m~                                                                               [m[24;63H1,15[1;15H[?12l[?25h[?25l[1;14H[K[24;66H4[1;14H[?12l[?25h[?25l[1;13H[K[24;66H3[1;13H[?12l[?25h[?25lg[24;66H4[1;14H[?12l[?25h[?25lh[24;66H5[1;15H[?12l[?25h[?25l[1;14H[K[24;66H4[1;14H[?12l[?25h[?25l[1;13H[K[24;66H3[1;13H[?12l[?25h[?25l[2;1H[K[24;63H2,1 [2;1H[?12l[?25h[?25l[3;1H[K[24;63H3[3;1H[?12l[?25h[?25l[4;1H[K[24;63H4[4;1H[?12l[?25h[?25l[5;1H[K[24;63H5[5;1H[?12l[?25h[?25l[6;1H[K[24;63H6[6;1H[?12l[?25h[?25l[7;1H[K[24;63H7[7;1H[?12l[?25h[?25l[8;1H[K[24;63H8[8;1H[?12l[?25h[?25l[9;1H[K[24;63H9[9;1H[?12l[?25h[?25l[10;1H[K[24;63H10,1[10;1H[?12l[?25h[?25l[11;1H[K[24;64H1[11;1H[?12l[?25h[?25l[12;1H[K[24;64H2[12;1H[?12l[?25h[?25l[13;1H[K[24;64H3[13;1H[?12l[?25h[?25l[14;1H[K[24;64H4[14;1H[?12l[?25h[?25l[15;1H[K[24;64H5[15;1H[?12l[?25h[?25l[16;1H[K[24;64H6[16;1H[?12l[?25h[?25l[17;1H[K[24;64H7[17;1H[?12l[?25h[?25l[18;1H[K[24;64H8[18;1H[?12l[?25h[?25l[19;1H[K[24;64H9[19;1H[?12l[?25h[?25l[20;1H[K[24;63H20[20;1H[?12l[?25h[?25l[21;1H[K[24;64H1[21;1H[?12l[?25h[?25l[22;1H[K[24;64H2[22;1H[?12l[?25h[?25l[23;1H[K[24;64H3[23;1H[?12l[?25h[?25l[1;23r[23;1H
[1;24r[24;63H[K[24;63H24,1[10CBot[23;1H[?12l[?25h[?25l[1;23r[23;1H
[1;24r[24;63H[K[24;63H25,1[10CBot[23;1H[?12l[?25h[?25l[1;23r[23;1H
[1;24r[24;63H[K[24;63H26,1[10CBot[23;1H[?12l[?25h[?25l[1;23r[23;1H
[1;24r[24;63H[K[24;63H27,1[10CBot[23;1H[?12l[?25h[?25l[94m~                                                                               [m[24;64H6[22;1H[?12l[?25h[?25l[94m~                                                                               [m[24;64H5[21;1H[?12l[?25h[?25l[94m~                                                                               [m[24;64H4[20;1H[?12l[?25h[?25l[94m~                                                                               [m[24;64H3[19;1H[?12l[?25h[?25l[94m~                                                                               [m[24;64H2[18;1H[?12l[?25h[?25l[94m~                                                                               [m[24;64H1[17;1H[?12l[?25h[?25l[94m~                                                                               [m[24;64H0[16;1H[?12l[?25h[?25l[94m~                                                                               [m[24;63H19[15;1H[?12l[?25h[?25l[94m~                                                                               [m[24;64H8[14;1H[?12l[?25h[?25l[94m~                                                                               [m[24;64H7[13;1H[?12l[?25h[?25l[94m~                                                                               [m[24;64H6[12;1H[?12l[?25h[?25l[94m~                                                                               [m[24;64H5[11;1H[?12l[?25h[?25l[94m~                                                                               [m[24;64H4[10;1H[?12l[?25h[?25l[94m~                                                                               [m[24;64H3[9;1H[?12l[?25h[?25l[94m~                                                                               [m[24;64H2[8;1H[?12l[?25h[?25l[94m~                                                                               [m[24;64H1[7;1H[?12l[?25h[?25l[94m~                                                                               [m[24;64H0[6;1H[?12l[?25h[?25l[94m~                                                                               [m[24;63H9,1 [5;1H[?12l[?25h[?25l[94m~                                                                               [m[24;63H8[4;1H[?12l[?25h[?25l[94m~                                                                               [m[24;63H7[3;1H[?12l[?25h[?25l[94m~                                                                               [m[24;63H6[2;1H[?12l[?25h[?25l[94m~                                                                               [m[24;63H5[1;1H[?12l[?25h[?25l[24;63H4[1;1H[?12l[?25h[?25l[24;63H3[1;1H[?12l[?25h[?25l[24;63H2[1;1H[?12l[?25h[?25lSeth Walloch[24;63H1,13[10CAll[1;13H[?12l[?25h[?25l[1;12H[K[24;66H2[1;12H[?12l[?25h[?25l[1;11H[K[24;66H1[1;11H[?12l[?25h[?25lx[24;66H2[1;12H[?12l[?25h[?25lc[24;66H3[1;13H[?12l[?25h[?25lh[24;66H4[1;14H[?12l[?25h[?25l[1;13H[K[24;66H3[1;13H[?12l[?25h[?25l[1;12H[K[24;66H2[1;12H[?12l[?25h[?25l[1;11H[K[24;66H1[1;11H[?12l[?25h[?25lc[24;66H2[1;12H[?12l[?25h[?25lh[24;66H3[1;13H[?12l[?25h[24;1H[K[1;12H[?25l[24;63H1,12[10CAll[1;12H[?12l[?25h[?25l[24;1H[1mrecording @q[m[24;63H[K[24;63H1,12[10CAll[1;12H[?12l[?25h[?25l[24;66H1[1;11H[?12l[?25h[?25l[24;66H2[1;12H[?12l[?25h[?25l[1;12H[K[24;66H1[1;11H[?12l[?25h[?25l[24;66H0[1;10H[?12l[?25h[?25l[24;66H1[1;11H[?12l[?25h[?25l[24;66H0[1;10H[?12l[?25h[?25l[24;66H1[1;11H[?12l[?25h[?25l[24;66H0[1;10H[?12l[?25h[?25l[24;65H9 [1;9H[?12l[?25h[?25l[24;65H8[1;8H[?12l[?25h[?25l[24;65H7[1;7H[?12l[?25h[?25l[24;65H6[1;6H[?12l[?25h[?25l[24;65H5[1;5H[?12l[?25h[?25l[24;65H4[1;4H[?12l[?25h[?25l[24;65H5[1;5H[?12l[?25h[?25l[24;65H4[1;4H[?12l[?25h[?25l[24;65H5[1;5H[?12l[?25h[?25l[24;65H4[1;4H[?12l[?25h[?25l[24;65H5[1;5H[?12l[?25h[?25l[24;65H4[1;4H[?12l[?25h[?25l[24;65H5[1;5H[?12l[?25h[?25l[24;65H6[1;6H[?12l[?25h[?25l[24;65H7[1;7H[?12l[?25h[?25l[24;65H8[1;8H[?12l[?25h[?25l[24;65H9[1;9H[?12l[?25h[?25l[24;65H10[1;10H[?12l[?25h[?25l[24;66H1[1;11H[?12l[?25h[?25l[24;66H0[1;10H[?12l[?25h[?25l[24;1H[1m--c VISUAL --[m [1mrecording @q[m[24;63H[K[24;63H1,10[10CAll[1;10H[?12l[?25h[?25lc[1;11H[K[24;1H[1mrecording @qr[m[24;13H[K[24;63H1,10[10CAll[1;10H[?12l[?25h[?25lc[1;10H[K[24;65H9 [1;9H[?12l[?25h[?25l[24;65H8[1;8H[?12l[?25h[?25l[24;65H7[1;7H[?12l[?25h[?25l[24;65H8[1;8H[?12l[?25h[?25l[24;65H9[1;9H[?12l[?25h[?25l[24;65H8[1;8H[?12l[?25h[?25l[24;65H7[1;7H[?12l[?25h[?25l[24;65H6[1;6H[?12l[?25h[?25l[24;65H5[1;5H[?12l[?25h[?25l[24;65H4[1;4H[?12l[?25h[?25l[24;65H5[1;5H[?12l[?25h[?25l[24;65H6[1;6H[?12l[?25h[?25l[24;65H7[1;7H[?12l[?25h[?25l[24;65H8[1;8H[?12l[?25h[?25l[24;65H9[1;9H[?12l[?25h[?25l[24;1H[1m--c INSERT --[m [1mrecording @q[m[24;63H[K[24;63H1,10[10CAll[1;10H[?12l[?25h[?25ls[24;66H1[1;11H[?12l[?25h[?25ld[24;66H2[1;12H[?12l[?25h[?25l,[24;66H3[1;13H[?12l[?25h[?25ll[24;66H4[1;14H[?12l[?25h[?25l[1;13H[K[24;66H3[1;13H[?12l[?25h[?25l[1;12H[K[24;66H2[1;12H[?12l[?25h[?25l[1;11H[K[24;66H1[1;11H[?12l[?25h[?25l[1;10H[K[24;66H0[1;10H[?12l[?25h[?25l[1;9H[K[24;65H9 [1;9H[?12l[?25h[?25ll[24;65H10[1;10H[?12l[?25h[?25ll[24;66H1[1;11H[?12l[?25h[?25lo[24;66H2[1;12H[?12l[?25h[?25lc[24;66H3[1;13H[?12l[?25h[?25lh[24;66H4[1;14H[?12l[?25h[?25l[24;4H[1mREPLACE --erecording @q[m[24;63H[K[24;63H1,14[10CAll[1;14H[?12l[?25h[?25l[24;4H[1mINSERTE --recordingg @qq[m[24;25H[K[24;63H1,14[10CAll[1;14H[?12l[?25h[?25l[24;4H[1mREPLACE --erecording @q[m[24;63H[K[24;63H1,14[10CAll[1;14H[?12l[?25h[?25l[24;66H3[1;13H[?12l[?25h[?25l[24;66H2[1;12H[?12l[?25h[?25l[24;66H1[1;11H[?12l[?25h[?25l[24;66H2[1;12H[?12l[?25h[24;1H[1mrecordingE @q-[m[24;13H[K[1;11H[?25l[24;63H1,11[10CAll[1;11H[?12l[?25h[?25l[24;66H2[1;12H[?12l[?25h[?25l[24;66H3[1;13H[?12l[?25h[?25l[24;66H2[1;12H[?12l[?25h[?25l[24;66H1[1;11H[?12l[?25h[?25l[24;66H0[1;10H[?12l[?25h[?25l[24;65H9 [1;9H[?12l[?25h[?25l[24;65H10[1;10H[?12l[?25h[?25l[24;65H9 [1;9H[?12l[?25h[?25l[24;65H8[1;8H[?12l[?25h[?25l[24;65H7[1;7H[?12l[?25h[?25l[24;65H8[1;8H[?12l[?25h[?25l[24;1H[1m--c INSERT --[m [1mrecording @q[m[24;63H[K[24;63H1,8[11CAll[1;8H[?12l[?25h[?25lllloch[1;13H[K[24;65H7[1;7H[?12l[?25h[?25lallloch[24;65H8[1;8H[?12l[?25h[?25l[24;65H9[1;9H[?12l[?25h[?25lloch[1;13H[K[24;65H8[1;8H[?12l[?25h[24;1H[1mrecording @qr[m[24;13H[K[1;7H[?25l[24;63H1,7[11CAll[1;7H[?12l[?25h[?25l[24;1H[K[24;1H:[?12l[?25hx[?25l[?12l[?25h[?25l"writeup.txt" 1L, 13C written]2;Terminal]1;Terminal
[?1l>[?12l[?25h[?1049lwallocs@CF165-13:~/csci241/lab-1-sethwalloch$ git add writeup.txt
wallocs@CF165-13:~/csci241/lab-1-sethwalloch$ git commit -m "Added[Kd part 1 to wri teup"
[master e48a3d5] Added part 1 to writeup
 1 file changed, 1 insertion(+)
wallocs@CF165-13:~/csci241/lab-1-sethwalloch$ git push
warning: push.default is unset; its implicit value has changed in
Git 2.0 from 'matching' to 'simple'. To squelch this message
and maintain the traditional behavior, use:

  git config --global push.default matching

To squelch this message and adopt the new behavior now, use:

  git config --global push.default simple

When push.default is set to 'matching', git will push local branches
to the remote branches that already exist with the same name.

Since Git 2.0, Git defaults to the more conservative 'simple'
behavior, which only pushes the current branch to the corresponding
remote branch that 'git pull' uses to update the current branch.

See 'git help config' and search for 'push.default' for further information.
(the 'simple' mode was introduced in Git 1.7.11. Use the similar mode
'current' instead of 'simple' if you sometimes use older versions of Git)

Username for 'https://github.com': sethwalloch
Password for 'https://sethwalloch@github.com': 
Counting objects: 3, done.
Delta compression using up to 8 threads.
Compressing objects:  50% (1/2)   Compressing objects: 100% (2/2)   Compressing objects: 100% (2/2), done.
Writing objects:  33% (1/3)   Writing objects:  66% (2/3)   Writing objects: 100% (3/3)   Writing objects: 100% (3/3), 266 bytes | 0 bytes/s, done.
Total 3 (delta 1), reused 0 (delta 0)
remote: Resolving deltas:   0% (0/1)   [Kremote: Resolving deltas: 100% (1/1)   [Kremote: Resolving deltas: 100% (1/1), completed with 1 local object.[K
To https://github.com/CSCI241Spring2019/lab-1-sethwalloch.git
   d12cc90..e48a3d5  master -> master
wallocs@CF165-13:~/csci241/lab-1-sethwalloch$ gi [Kt status
On branch master
Your branch is up-to-date with 'origin/master'.
nothing to commit, working directory clean
wallocs@CF165-13:~/csci241/lab-1-sethwalloch$ edit writeup.txt
Unescaped left brace in regex is deprecated, passed through in regex; marked by <-- HERE in m/%{ <-- HERE (.*?)}/ at /usr/bin/edit line 528.
[?1049h[?1h=[2;1Hâ–½[6n[2;1H  [1;1H]11;?[1;24r[?12;25h[?12l[?25h[27m[23m[m[H[2J[?25l[24;1H"~/csci241/lab-1-sethwalloch/writeup.txt" 1L, 13C[>c[1;1HSeth Walloch
[94m~                                                                               [3;1H~                                                                               [4;1H~                                                                               [5;1H~                                                                               [6;1H~                                                                               [7;1H~                                                                               [8;1H~                                                                               [9;1H~                                                                               [10;1H~                                                                               [11;1H~                                                                               [12;1H~                                                                               [13;1H~                                                                               [14;1H~                                                                               [15;1H~                                                                               [16;1H~                                                                               [17;1H~                                                                               [18;1H~                                                                               [19;1H~                                                                               [20;1H~                                                                               [21;1H~                                                                               [22;1H~                                                                               [23;1H~                                                                               [m[24;63H1,1[11CAll]2;writeup.txt (~/csci241/lab-1-sethwalloch) - VIM]1;writeup.txt[1;1H[?12l[?25h[27m[23m[m[H[2J[?25l[1;1HSeth Walloch
[94m~                                                                               [3;1H~                                                                               [4;1H~                                                                               [5;1H~                                                                               [6;1H~                                                                               [7;1H~                                                                               [8;1H~                                                                               [9;1H~                                                                               [10;1H~                                                                               [11;1H~                                                                               [12;1H~                                                                               [13;1H~                                                                               [14;1H~                                                                               [15;1H~                                                                               [16;1H~                                                                               [17;1H~                                                                               [18;1H~                                                                               [19;1H~                                                                               [20;1H~                                                                               [21;1H~                                                                               [22;1H~                                                                               [23;1H~                                                                               [m[24;63H1,1[11CAll"~/csci241/lab-1-sethwalloch/writeup.txt" 1L, 13C[1;1HP+q436f\P+q6b75\P+q6b64\P+q6b72\P+q6b6c\P+q2332\P+q2334\P+q2569\P+q2a37\P+q6b31\[?12l[?25h[?25l[24;65H2[1;2H[?12l[?25h[?25l[24;65H3[1;3H[?12l[?25h[?25l[24;65H4[1;4H[?12l[?25h[?25l[24;65H5[1;5H[?12l[?25h[?25l[24;65H6[1;6H[?12l[?25h[?25l[24;65H7[1;7H[?12l[?25h[?25l[24;65H8[1;8H[?12l[?25h[?25l[24;65H9[1;9H[?12l[?25h[?25l[24;65H10[1;10H[?12l[?25h[?25l[24;66H1[1;11H[?12l[?25h[?25l[24;66H2[1;12H[?12l[?25h[?25l[24;1H[1m-- INSERT --[m[24;13H[K[24;63H1,12[10CAll[1;12H[?12l[?25h[?25lsh[24;66H3]2;writeup.txt + (~/csci241/lab-1-sethwalloch) - VIM]1;writeup.txt[1;13H[?12l[?25h[?25lfh[24;66H4[1;14H[?12l[?25h[?25ldh[24;66H5[1;15H[?12l[?25h[?25lh[1;15H[K[24;66H4[1;14H[?12l[?25h[?25lh[1;14H[K[24;66H3[1;13H[?12l[?25h[?25lh[1;13H[K[24;66H2[1;12H[?12l[?25h[?25l[24;66H3[1;13H[?12l[?25h[?25l[2;1H[K[24;63H2,1 [2;1H[?12l[?25h[?25l[24;63H1[1;1H[?12l[?25h[?25l1Seth Walloch[24;65H2[1;2H[?12l[?25h[?25lSeth Walloch[1;13H[K[24;65H1[1;1H[?12l[?25h[?25l[24;63H2[2;1H[?12l[?25h[?25l[24;63H1[1;1H[?12l[?25h[?25l1Seth Walloch[24;65H2[1;2H[?12l[?25h[?25l)Seth Walloch[24;65H3[1;3H[?12l[?25h[?25l Seth Walloch[24;65H4[1;4H[?12l[?25h[?25l[24;63H2,1[2;1H[?12l[?25h[?25l2[24;65H2[2;2H[?12l[?25h[?25l)[24;65H3[2;3H[?12l[?25h[?25l[24;65H4[2;4H[?12l[?25h[?25lH[24;65H5[2;5H[?12l[?25h[?25lo[24;65H6[2;6H[?12l[?25h[?25lb[24;65H7[2;7H[?12l[?25h[?25lb[24;65H8[2;8H[?12l[?25h[?25ly[24;65H9[2;9H[?12l[?25h[?25l:[24;65H10[2;10H[?12l[?25h[?25l[24;66H1[2;11H[?12l[?25h[?25lL[24;66H2[2;12H[?12l[?25h[?25lo[24;66H3[2;13H[?12l[?25h[?25ln[24;66H4[2;14H[?12l[?25h[?25lg[24;66H5[2;15H[?12l[?25h[?25lb[24;66H6[2;16H[?12l[?25h[?25lo[24;66H7[2;17H[?12l[?25h[?25la[24;66H8[2;18H[?12l[?25h[?25lr[24;66H9[2;19H[?12l[?25h[?25ld[24;65H20[2;20H[?12l[?25h[?25li[24;66H1[2;21H[?12l[?25h[?25ln[24;66H2[2;22H[?12l[?25h[?25lg[24;66H3[2;23H[?12l[?25h[?25l,[24;66H4[2;24H[?12l[?25h[?25l[24;66H5[2;25H[?12l[?25h[?25lB[24;66H6[2;26H[?12l[?25h[?25la[24;66H7[2;27H[?12l[?25h[?25ls[24;66H8[2;28H[?12l[?25h[?25lk[24;66H9[2;29H[?12l[?25h[?25le[24;65H30[2;30H[?12l[?25h[?25lt[24;66H1[2;31H[?12l[?25h[?25lb[24;66H2[2;32H[?12l[?25h[?25lL[24;66H3[2;33H[?12l[?25h[?25lL[24;66H4[2;34H[?12l[?25h[?25l[2;33H[K[24;66H3[2;33H[?12l[?25h[?25l[2;32H[K[24;66H2[2;32H[?12l[?25h[?25l[2;31H[K[24;66H1[2;31H[?12l[?25h[?25lb[24;66H2[2;32H[?12l[?25h[?25la[24;66H3[2;33H[?12l[?25h[?25ll[24;66H4[2;34H[?12l[?25h[?25ll[24;66H5[2;35H[?12l[?25h[?25l,[24;66H6[2;36H[?12l[?25h[?25l[24;66H7[2;37H[?12l[?25h[?25la[24;66H8[2;38H[?12l[?25h[?25ln[24;66H9[2;39H[?12l[?25h[?25ld[24;65H40[2;40H[?12l[?25h[?25l[24;66H1[2;41H[?12l[?25h[?25lI[24;66H2[2;42H[?12l[?25h[?25lD[24;66H3[2;43H[?12l[?25h[?25lK[24;66H4[2;44H[?12l[?25h[?25l[2;43H[K[24;66H3[2;43H[?12l[?25h[?25l[2;42H[K[24;66H2[2;42H[?12l[?25h[?25l[2;41H[K[24;66H1[2;41H[?12l[?25h[?25lS[24;66H2[2;42H[?12l[?25h[?25lk[24;66H3[2;43H[?12l[?25h[?25la[24;66H4[2;44H[?12l[?25h[?25lt[24;66H5[2;45H[?12l[?25h[?25le[24;66H6[2;46H[?12l[?25h[?25lb[24;66H7[2;47H[?12l[?25h[?25la[24;66H8[2;48H[?12l[?25h[?25lo[24;66H9[2;49H[?12l[?25h[?25l[2;48H[K[24;66H8[2;48H[?12l[?25h[?25l[2;47H[K[24;66H7[2;47H[?12l[?25h[?25lo[24;66H8[2;48H[?12l[?25h[?25la[24;66H9[2;49H[?12l[?25h[?25l[2;48H[K[24;66H8[2;48H[?12l[?25h[?25l[2;47H[K[24;66H7[2;47H[?12l[?25h[?25l[2;46H[K[24;66H6[2;46H[?12l[?25h[?25l[2;45H[K[24;66H5[2;45H[?12l[?25h[?25l[2;44H[K[24;66H4[2;44H[?12l[?25h[?25l[2;43H[K[24;66H3[2;43H[?12l[?25h[?25l[2;42H[K[24;66H2[2;42H[?12l[?25h[?25l[2;41H[K[24;66H1[2;41H[?12l[?25h[?25l[24;66H0[2;40H[?12l[?25h[?25l[24;66H1[2;41H[?12l[?25h[?25lT[24;66H2[2;42H[?12l[?25h[?25le[24;66H3[2;43H[?12l[?25h[?25ln[24;66H4[2;44H[?12l[?25h[?25ln[24;66H5[2;45H[?12l[?25h[?25li[24;66H6[2;46H[?12l[?25h[?25ls[24;66H7[2;47H[?12l[?25h[24;1H[K[2;46H[?25l[24;63H2,46[10CAll[2;46H[?12l[?25h[?25l[24;1H[1m-- INSERT --[m[24;63H[K[24;63H2,46[10CAll[2;46H[?12l[?25h[24;1H[K[2;45H[?25l[24;63H2,45[10CAll[2;45H[?12l[?25h[?25l[24;66H6[2;46H[?12l[?25h[?25l[24;66H5[2;45H[?12l[?25h[?25l[24;66H6[2;46H[?12l[?25h[?25l[24;1H[1m-- INSERT --[m[24;63H[K[24;63H2,46[10CAll[2;46H[?12l[?25h[?25l[24;4H[1mREPLACE --[m[24;63H[K[24;63H2,46[10CAll[2;46H[?12l[?25h[?25l[24;4H[1mINSERTE -[m[24;13H[K[24;63H2,46[10CAll[2;46H[?12l[?25h[24;1H[K[2;45H[?25l[24;63H2,45[10CAll[2;45H[?12l[?25h[?25l[24;66H6[2;46H[?12l[?25h[?25l[1;1H[K[2;1H[94m~                                                                               [m[24;1H--No lines in buffer--[24;63H[K[24;63H0,0-1[9CAll[1;1H[?12l[?25h[?25l[?12l[?25h[?25l[24;1H[1m-- INSERT --[m[24;13H[K[24;63H0,1[11CAll[1;1H[?12l[?25h[?25ld[24;63H1,2[1;2H[?12l[?25h[?25lk[24;65H3[1;3H[?12l[?25h[?25lf[24;65H4[1;4H[?12l[?25h[?25l[1;3H[K[24;65H3[1;3H[?12l[?25h[?25l[1;2H[K[24;65H2[1;2H[?12l[?25h[?25l[1;1H[K[24;65H1[1;1H[?12l[?25h[?25lg[24;65H2[1;2H[?12l[?25h[?25li[24;65H3[1;3H[?12l[?25h[?25lt[24;65H4[1;4H[?12l[?25h[?25l[24;65H5[1;5H[?12l[?25h[?25l[24;65H4[1;4H[?12l[?25h[?25l[1;3H[K[24;65H3[1;3H[?12l[?25h[?25l[1;2H[K[24;65H2[1;2H[?12l[?25h[?25l[1;1H[K[24;65H1[1;1H[?12l[?25h[?25l[24;4H[1mREPLACE --[m[24;63H[K[24;63H1,1[11CAll[1;1H[?12l[?25h[24;1H[K[1;1H[?25l[24;63H1,0-1[9CAll[1;1H[?12l[?25h[?25l[24;1H[1m-- INSERT --[m[24;63H[K[24;63H1,1[11CAll[1;1H[?12l[?25h[24;1H[K[1;1H[?25l[24;63H1,0-1[9CAll[1;1H[?12l[?25h[?25l[24;1H[1m-- INSERT --[m[24;63H[K[24;63H1,1[11CAll[1;1H[?12l[?25h[?25lt[24;65H2[1;2H[?12l[?25h[?25l[1;1H[K[24;65H1[1;1H[?12l[?25h[?25l[24;4H[1mREPLACE --[m[24;63H[K[24;63H1,1[11CAll[1;1H[?12l[?25h[?25l[24;4H[1mINSERTE -[m[24;13H[K[24;63H1,1[11CAll[1;1H[?12l[?25h[24;1H[K[1;1H[?25l[24;63H1,0-1[9CAll[1;1H[?12l[?25h[?25l[24;63H[K[24;1H:[?12l[?25hg[?25l[?12l[?25hi[?25l[?12l[?25ht[?25l[?12l[?25h[?25l [?12l[?25hr[?25l[?12l[?25he[?25l[?12l[?25hs[?25l[?12l[?25he[?25l[?12l[?25ht[?25l[?12l[?25h[?25l[97m[41mE492: Not an editor command: git reset[m[24C1,0-1[9CAll[1;1H[?12l[?25h[?25l[24;1H[1m-- INSERT --[m[24;13H[K[24;63H1,1[11CAll[1;1H[?12l[?25h[24;1H[K[1;1H[?25l[24;63H1,0-1[9CAll[1;1H[?12l[?25h[?25l[24;63H[K[24;1H:[?12l[?25hx[?25l[?12l[?25h[?25l"writeup.txt" 1L, 1C written]2;Terminal]1;Terminal
[?1l>[?12l[?25h[?1049lwallocs@CF165-13:~/csci241/lab-1-sethwalloch$ git re[K[Kreset writeup.txt
Unstaged changes after reset:
M	writeup.txt
wallocs@CF165-13:~/csci241/lab-1-sethwalloch$ edit writeup.txt
Unescaped left brace in regex is deprecated, passed through in regex; marked by <-- HERE in m/%{ <-- HERE (.*?)}/ at /usr/bin/edit line 528.
[?1049h[?1h=[2;1Hâ–½[6n[2;1H  [1;1H]11;?[1;24r[?12;25h[?12l[?25h[27m[23m[m[H[2J[?25l[24;1H"~/csci241/lab-1-sethwalloch/writeup.txt" 1L, 1C[>c[2;1H[94m~                                                                               [3;1H~                                                                               [4;1H~                                                                               [5;1H~                                                                               [6;1H~                                                                               [7;1H~                                                                               [8;1H~                                                                               [9;1H~                                                                               [10;1H~                                                                               [11;1H~                                                                               [12;1H~                                                                               [13;1H~                                                                               [14;1H~                                                                               [15;1H~                                                                               [16;1H~                                                                               [17;1H~                                                                               [18;1H~                                                                               [19;1H~                                                                               [20;1H~                                                                               [21;1H~                                                                               [22;1H~                                                                               [23;1H~                                                                               [m[24;63H1,0-1[9CAll]2;writeup.txt (~/csci241/lab-1-sethwalloch) - VIM]1;writeup.txt[1;1H[?12l[?25h[27m[23m[m[H[2J[?25l[2;1H[94m~                                                                               [3;1H~                                                                               [4;1H~                                                                               [5;1H~                                                                               [6;1H~                                                                               [7;1H~                                                                               [8;1H~                                                                               [9;1H~                                                                               [10;1H~                                                                               [11;1H~                                                                               [12;1H~                                                                               [13;1H~                                                                               [14;1H~                                                                               [15;1H~                                                                               [16;1H~                                                                               [17;1H~                                                                               [18;1H~                                                                               [19;1H~                                                                               [20;1H~                                                                               [21;1H~                                                                               [22;1H~                                                                               [23;1H~                                                                               [m[24;63H1,0-1[9CAll"~/csci241/lab-1-sethwalloch/writeup.txt" 1L, 1C[1;1HP+q436f\P+q6b75\P+q6b64\P+q6b72\P+q6b6c\P+q2332\P+q2334\P+q2569\P+q2a37\P+q6b31\[?12l[?25h[?25l[24;1H[K[24;1H:.![?12l[?25h[?25l [?12l[?25h[?25l[?12l[?25h[?25l[24;3H[K[24;3H[?12l[?25h[?25l[24;2H[K[24;2H[?12l[?25h [?25l[61C1,0-1[9CAll[1;1H[?12l[?25h[?25l[24;1H[1m-- INSERT --[m[24;63H[K[24;63H1,1[11CAll[1;1H[?12l[?25h[?25ld[24;65H2]2;writeup.txt + (~/csci241/lab-1-sethwalloch) - VIM]1;writeup.txt[1;2H[?12l[?25h[?25lf[24;65H3[1;3H[?12l[?25h[?25lk[24;65H4[1;4H[?12l[?25h[?25ll[24;65H5[1;5H[?12l[?25h[?25lsd[24;65H7[1;7H[?12l[?25h[?25l[1;6H[K[24;65H6[1;6H[?12l[?25h[?25l[1;5H[K[24;65H5[1;5H[?12l[?25h[?25l[1;4H[K[24;65H4[1;4H[?12l[?25h[?25l[1;3H[K[24;65H3[1;3H[?12l[?25h[?25l[1;2H[K[24;65H2[1;2H[?12l[?25h[?25l[1;1H[K[24;65H1[1;1H[?12l[?25h[?25l1[24;65H2[1;2H[?12l[?25h[?25l)[24;65H3[1;3H[?12l[?25h[?25l[24;65H4[1;4H[?12l[?25h[?25lS[24;65H5[1;5H[?12l[?25h[?25le[24;65H6[1;6H[?12l[?25h[?25lt[24;65H7[1;7H[?12l[?25h[?25lh[24;65H8[1;8H[?12l[?25h[?25l[24;65H9[1;9H[?12l[?25h[?25lW[24;65H10[1;10H[?12l[?25h[?25la[24;66H1[1;11H[?12l[?25h[?25ll[24;66H2[1;12H[?12l[?25h[?25ll[24;66H3[1;13H[?12l[?25h[?25lo[24;66H4[1;14H[?12l[?25h[?25lc[24;66H5[1;15H[?12l[?25h[?25lh[24;66H6[1;16H[?12l[?25h[?25l[2;1H[K[24;63H2,1 [2;1H[?12l[?25h[?25l2[24;65H2[2;2H[?12l[?25h[?25l)[24;65H3[2;3H[?12l[?25h[?25l[24;65H4[2;4H[?12l[?25h[?25lL[24;65H5[2;5H[?12l[?25h[?25lo[24;65H6[2;6H[?12l[?25h[?25ln[24;65H7[2;7H[?12l[?25h[?25lg[24;65H8[2;8H[?12l[?25h[?25la[24;65H9[2;9H[?12l[?25h[?25l[2;8H[K[24;65H8[2;8H[?12l[?25h[?25lb[24;65H9[2;9H[?12l[?25h[?25la[24;65H10[2;10H[?12l[?25h[?25lo[24;66H1[2;11H[?12l[?25h[?25ld[24;66H2[2;12H[?12l[?25h[?25l[2;11H[K[24;66H1[2;11H[?12l[?25h[?25l[2;10H[K[24;66H0[2;10H[?12l[?25h[?25l[2;9H[K[24;65H9 [2;9H[?12l[?25h[?25lo[24;65H10[2;10H[?12l[?25h[?25la[24;66H1[2;11H[?12l[?25h[?25lr[24;66H2[2;12H[?12l[?25h[?25ld[24;66H3[2;13H[?12l[?25h[?25li[24;66H4[2;14H[?12l[?25h[?25ln[24;66H5[2;15H[?12l[?25h[?25lg[24;66H6[2;16H[?12l[?25h[?25l,[24;66H7[2;17H[?12l[?25h[?25l[24;66H8[2;18H[?12l[?25h[?25lB[24;66H9[2;19H[?12l[?25h[?25la[24;65H20[2;20H[?12l[?25h[?25ls[24;66H1[2;21H[?12l[?25h[?25lk[24;66H2[2;22H[?12l[?25h[?25le[24;66H3[2;23H[?12l[?25h[?25lt[24;66H4[2;24H[?12l[?25h[?25lb[24;66H5[2;25H[?12l[?25h[?25la[24;66H6[2;26H[?12l[?25h[?25ll[24;66H7[2;27H[?12l[?25h[?25ll[24;66H8[2;28H[?12l[?25h[?25l[2;27H[K[24;66H7[2;27H[?12l[?25h[?25ll[24;66H8[2;28H[?12l[?25h[?25l,[24;66H9[2;29H[?12l[?25h[?25l[24;65H30[2;30H[?12l[?25h[?25la[24;66H1[2;31H[?12l[?25h[?25ln[24;66H2[2;32H[?12l[?25h[?25ld[24;66H3[2;33H[?12l[?25h[?25l[24;66H4[2;34H[?12l[?25h[?25lT[24;66H5[2;35H[?12l[?25h[?25le[24;66H6[2;36H[?12l[?25h[?25ln[24;66H7[2;37H[?12l[?25h[?25ln[24;66H8[2;38H[?12l[?25h[?25li[24;66H9[2;39H[?12l[?25h[?25ls[24;65H40[2;40H[?12l[?25h[24;1H[K[2;39H[?25l[24;63H2,39[10CAll[2;39H[?12l[?25h[?25l[24;63H[K[24;1H:[?12l[?25hx[?25l[?12l[?25h[?25l"writeup.txt" 2L, 56C written]2;Terminal]1;Terminal
[?1l>[?12l[?25h[?1049lwallocs@CF165-13:~/csci241/lab-1-sethwalloch$ git add writeu[p[K[Kp.txt
wallocs@CF165-13:~/csci241/lab-1-sethwalloch$ git status
On branch master
Your branch is up-to-date with 'origin/master'.
Changes to be committed:
  (use "git reset HEAD <file>..." to unstage)

	[32mmodified:   writeup.txt[m

wallocs@CF165-13:~/csci241/lab-1-sethwalloch$ git commit -m "Added second line o f [K[K[A[C[C[C[C[C[C[C[C[C[C[C[C[C[C[C[C[C[C[C[C[C[C[C[C[C[C[C[C[C[C[C[C[C[C[C[C[C[C[C[C[C[C[C[C[C[C[C[C[C[C[C[C[C[C[C[C[C[C[C[C[C[C[C[C[C[C[C[C[C[C[C[C[C[C[C[C[C[C[C[K
[K[A[C[C[C[C[C[C[C[C[C[C[C[C[C[C[C[C[C[C[C[C[C[C[C[C[C[C[C[C[C[C[C[C[C[C[C[C[C[C[C[C[C[C[C[C[C[C[C[C[C[C[C[C[C[C[C[C[C[C[C[C[C[C[C[C[C[C[C[C[C[C[C[C[C[C[C[C[C[C[C[K f or hobbiwes[K[Kes[K[Kes[K[K[Kes"
[master b1e8796] Added second line for hobbies
 1 file changed, 2 insertions(+), 1 deletion(-)
wallocs@CF165-13:~/csci241/lab-1-sethwalloch$ git push
warning: push.default is unset; its implicit value has changed in
Git 2.0 from 'matching' to 'simple'. To squelch this message
and maintain the traditional behavior, use:

  git config --global push.default matching

To squelch this message and adopt the new behavior now, use:

  git config --global push.default simple

When push.default is set to 'matching', git will push local branches
to the remote branches that already exist with the same name.

Since Git 2.0, Git defaults to the more conservative 'simple'
behavior, which only pushes the current branch to the corresponding
remote branch that 'git pull' uses to update the current branch.

See 'git help config' and search for 'push.default' for further information.
(the 'simple' mode was introduced in Git 1.7.11. Use the similar mode
'current' instead of 'simple' if you sometimes use older versions of Git)

Username for 'https://github.com': sethwalloch
Password for 'https://sethwalloch@github.com': 
Counting objects: 3, done.
Delta compression using up to 8 threads.
Compressing objects:  33% (1/3)   Compressing objects:  66% (2/3)   Compressing objects: 100% (3/3)   Compressing objects: 100% (3/3), done.
Writing objects:  33% (1/3)   Writing objects:  66% (2/3)   Writing objects: 100% (3/3)   Writing objects: 100% (3/3), 313 bytes | 0 bytes/s, done.
Total 3 (delta 1), reused 0 (delta 0)
remote: Resolving deltas:   0% (0/1)   [Kremote: Resolving deltas: 100% (1/1)   [Kremote: Resolving deltas: 100% (1/1), completed with 1 local object.[K
To https://github.com/CSCI241Spring2019/lab-1-sethwalloch.git
   e48a3d5..b1e8796  master -> master
wallocs@CF165-13:~/csci241/lab-1-sethwalloch$ touch user.name[K[K[K[K[Kname.txt
wallocs@CF165-13:~/csci241/lab-1-sethwalloch$ git add usermna[K[K[Kname.txt
wallocs@CF165-13:~/csci241/lab-1-sethwalloch$ edit username.txt
Unescaped left brace in regex is deprecated, passed through in regex; marked by <-- HERE in m/%{ <-- HERE (.*?)}/ at /usr/bin/edit line 528.
[?1049h[?1h=[2;1Hâ–½[6n[2;1H  [1;1H]11;?[1;24r[?12;25h[?12l[?25h[27m[23m[m[H[2J[?25l[24;1H"~/csci241/lab-1-sethwalloch/username.txt" 0L, 0C[>c[2;1H[94m~                                                                               [3;1H~                                                                               [4;1H~                                                                               [5;1H~                                                                               [6;1H~                                                                               [7;1H~                                                                               [8;1H~                                                                               [9;1H~                                                                               [10;1H~                                                                               [11;1H~                                                                               [12;1H~                                                                               [13;1H~                                                                               [14;1H~                                                                               [15;1H~                                                                               [16;1H~                                                                               [17;1H~                                                                               [18;1H~                                                                               [19;1H~                                                                               [20;1H~                                                                               [21;1H~                                                                               [22;1H~                                                                               [23;1H~                                                                               [m[24;63H0,0-1[9CAll]2;username.txt (~/csci241/lab-1-sethwalloch) - VIM]1;username.txt[1;1H[?12l[?25h[27m[23m[m[H[2J[?25l[2;1H[94m~                                                                               [3;1H~                                                                               [4;1H~                                                                               [5;1H~                                                                               [6;1H~                                                                               [7;1H~                                                                               [8;1H~                                                                               [9;1H~                                                                               [10;1H~                                                                               [11;1H~                                                                               [12;1H~                                                                               [13;1H~                                                                               [14;1H~                                                                               [15;1H~                                                                               [16;1H~                                                                               [17;1H~                                                                               [18;1H~                                                                               [19;1H~                                                                               [20;1H~                                                                               [21;1H~                                                                               [22;1H~                                                                               [23;1H~                                                                               [m[24;63H0,0-1[9CAll"~/csci241/lab-1-sethwalloch/username.txt" 0L, 0C[1;1HP+q436f\P+q6b75\P+q6b64\P+q6b72\P+q6b6c\P+q2332\P+q2334\P+q2569\P+q2a37\P+q6b31\[?12l[?25h[?25l[24;1H[1m-- INSERT --[m[24;13H[K[24;63H0,1[11CAll[1;1H[?12l[?25h[?25le[24;63H1,2]2;username.txt + (~/csci241/lab-1-sethwalloch) - VIM]1;username.txt[1;2H[?12l[?25h[?25lt[24;65H3[1;3H[?12l[?25h[?25lh[24;65H4[1;4H[?12l[?25h[?25l[24;65H5[1;5H[?12l[?25h[?25lW[24;65H6[1;6H[?12l[?25h[?25la[24;65H7[1;7H[?12l[?25h[?25l[1;6H[K[24;65H6[1;6H[?12l[?25h[?25l[1;5H[K[24;65H5[1;5H[?12l[?25h[?25l[24;65H4[1;4H[?12l[?25h[?25l[1;3H[K[24;65H3[1;3H[?12l[?25h[?25l[1;2H[K[24;65H2[1;2H[?12l[?25h[?25l[1;1H[K[24;65H1[1;1H[?12l[?25h[?25lS[24;65H2[1;2H[?12l[?25h[?25le[24;65H3[1;3H[?12l[?25h[?25lt[24;65H4[1;4H[?12l[?25h[?25lh[24;65H5[1;5H[?12l[?25h[?25l[24;65H6[1;6H[?12l[?25h[?25lW[24;65H7[1;7H[?12l[?25h[?25la[24;65H8[1;8H[?12l[?25h[?25ll[24;65H9[1;9H[?12l[?25h[?25ll[24;65H10[1;10H[?12l[?25h[?25lo[24;66H1[1;11H[?12l[?25h[?25lc[24;66H2[1;12H[?12l[?25h[?25lh[24;66H3[1;13H[?12l[?25h[?25l[2;1H[K[24;63H2,1 [2;1H[?12l[?25h[?25lW[24;65H2[2;2H[?12l[?25h[?25l0[24;65H3[2;3H[?12l[?25h[?25l1[24;65H4[2;4H[?12l[?25h[?25l3[24;65H5[2;5H[?12l[?25h[?25l6[24;65H6[2;6H[?12l[?25h[?25l2[24;65H7[2;7H[?12l[?25h[?25l3[24;65H8[2;8H[?12l[?25h[?25l5[24;65H9[2;9H[?12l[?25h[?25l4[24;65H10[2;10H[?12l[?25h[?25l[3;1H[K[24;63H3,1 [3;1H[?12l[?25h[?25lS[24;65H2[3;2H[?12l[?25h[?25le[24;65H3[3;3H[?12l[?25h[?25lt[24;65H4[3;4H[?12l[?25h[?25lh[24;65H5[3;5H[?12l[?25h[?25l[3;4H[K[24;65H4[3;4H[?12l[?25h[?25l[3;3H[K[24;65H3[3;3H[?12l[?25h[?25l[3;2H[K[24;65H2[3;2H[?12l[?25h[?25l[3;1H[K[24;65H1[3;1H[?12l[?25h[?25ls[24;65H2[3;2H[?12l[?25h[?25le[24;65H3[3;3H[?12l[?25h[?25lt[24;65H4[3;4H[?12l[?25h[?25lh[24;65H5[3;5H[?12l[?25h[?25lw[24;65H6[3;6H[?12l[?25h[?25la[24;65H7[3;7H[?12l[?25h[?25ll[24;65H8[3;8H[?12l[?25h[?25ll[24;65H9[3;9H[?12l[?25h[?25lo[24;65H10[3;10H[?12l[?25h[?25lc[24;66H1[3;11H[?12l[?25h[?25lh[24;66H2[3;12H[?12l[?25h[?25l[3;11H[K[24;66H1[3;11H[?12l[?25h[?25lh[24;66H2[3;12H[?12l[?25h[?25l[24;63H2,10[2;10H[?12l[?25h[?25l[2;9H[K[24;65H9 [2;9H[?12l[?25h[?25l[2;8H[K[24;65H8[2;8H[?12l[?25h[?25l[2;7H[K[24;65H7[2;7H[?12l[?25h[?25l[2;6H[K[24;65H6[2;6H[?12l[?25h[?25l[2;5H[K[24;65H5[2;5H[?12l[?25h[?25l[2;4H[K[24;65H4[2;4H[?12l[?25h[?25l[2;3H[K[24;65H3[2;3H[?12l[?25h[?25l[2;2H[K[24;65H2[2;2H[?12l[?25h[?25l[2;1H[K[24;65H1[2;1H[?12l[?25h[?25lw[24;65H2[2;2H[?12l[?25h[?25la[24;65H3[2;3H[?12l[?25h[?25ll[24;65H4[2;4H[?12l[?25h[?25ll[24;65H5[2;5H[?12l[?25h[?25lo[24;65H6[2;6H[?12l[?25h[?25lc[24;65H7[2;7H[?12l[?25h[?25ls[24;65H8[2;8H[?12l[?25h[24;1H[K[2;7H[?25l[24;63H2,7[11CAll[2;7H[?12l[?25h[?25l[24;63H[K[24;1H:[?12l[?25hx[?25l[?12l[?25h[?25l"username.txt" 3L, 33C written]2;Terminal]1;Terminal
[?1l>[?12l[?25h[?1049lwallocs@CF165-13:~/csci241/lab-1-sethwalloch$ git add username.txt
wallocs@CF165-13:~/csci241/lab-1-sethwalloch$ git commit - [K,[Km"[K "Added [K all the stuff  for the lab"
[master 61eaf5c] Added all the stuff for the lab
 1 file changed, 3 insertions(+)
 create mode 100644 username.txt
wallocs@CF165-13:~/csci241/lab-1-sethwalloch$ git c[Kadd username.txt
wallocs@CF165-13:~/csci241/lab-1-sethwalloch$ git commit -m "Mese[Ksed that up, add ed usernmae, github username, and u[K[1P[1P[1P[1P[1P[1P[1P[1P[1@n[1@a[1@m[1@e[C[C[C[C[C[C[C[C[C[C[C[C[C[C[C[C[C[C[C[C[C[C[Cwwu username"
On branch master
Your branch is ahead of 'origin/master' by 1 commit.
  (use "git push" to publish your local commits)
nothing to commit, working directory clean
wallocs@CF165-13:~/csci241/lab-1-sethwalloch$ git push 
warning: push.default is unset; its implicit value has changed in
Git 2.0 from 'matching' to 'simple'. To squelch this message
and maintain the traditional behavior, use:

  git config --global push.default matching

To squelch this message and adopt the new behavior now, use:

  git config --global push.default simple

When push.default is set to 'matching', git will push local branches
to the remote branches that already exist with the same name.

Since Git 2.0, Git defaults to the more conservative 'simple'
behavior, which only pushes the current branch to the corresponding
remote branch that 'git pull' uses to update the current branch.

See 'git help config' and search for 'push.default' for further information.
(the 'simple' mode was introduced in Git 1.7.11. Use the similar mode
'current' instead of 'simple' if you sometimes use older versions of Git)

Username for 'https://github.com': sethwalloch
Password for 'https://sethwalloch@github.com': 
Counting objects: 3, done.
Delta compression using up to 8 threads.
Compressing objects:  50% (1/2)   Compressing objects: 100% (2/2)   Compressing objects: 100% (2/2), done.
Writing objects:  33% (1/3)   Writing objects:  66% (2/3)   Writing objects: 100% (3/3)   Writing objects: 100% (3/3), 376 bytes | 0 bytes/s, done.
Total 3 (delta 0), reused 0 (delta 0)
To https://github.com/CSCI241Spring2019/lab-1-sethwalloch.git
   b1e8796..61eaf5c  master -> master
wallocs@CF165-13:~/csci241/lab-1-sethwalloch$ git checkout -b question3
Switched to a new branch 'question3'
wallocs@CF165-13:~/csci241/lab-1-sethwalloch$ edit writeup.txt
Unescaped left brace in regex is deprecated, passed through in regex; marked by <-- HERE in m/%{ <-- HERE (.*?)}/ at /usr/bin/edit line 528.
[?1049h[?1h=[2;1Hâ–½[6n[2;1H  [1;1H]11;?[1;24r[?12;25h[?12l[?25h[27m[23m[m[H[2J[?25l[24;1H"~/csci241/lab-1-sethwalloch/writeup.txt" 2L, 56C[>c[1;1H1) Seth Walloch
2) Longboarding, Basketball, and Tennis
[94m~                                                                               [4;1H~                                                                               [5;1H~                                                                               [6;1H~                                                                               [7;1H~                                                                               [8;1H~                                                                               [9;1H~                                                                               [10;1H~                                                                               [11;1H~                                                                               [12;1H~                                                                               [13;1H~                                                                               [14;1H~                                                                               [15;1H~                                                                               [16;1H~                                                                               [17;1H~                                                                               [18;1H~                                                                               [19;1H~                                                                               [20;1H~                                                                               [21;1H~                                                                               [22;1H~                                                                               [23;1H~                                                                               [m[24;63H1,1[11CAll]2;writeup.txt (~/csci241/lab-1-sethwalloch) - VIM]1;writeup.txt[1;1H[?12l[?25h[27m[23m[m[H[2J[?25l[1;1H1) Seth Walloch
2) Longboarding, Basketball, and Tennis
[94m~                                                                               [4;1H~                                                                               [5;1H~                                                                               [6;1H~                                                                               [7;1H~                                                                               [8;1H~                                                                               [9;1H~                                                                               [10;1H~                                                                               [11;1H~                                                                               [12;1H~                                                                               [13;1H~                                                                               [14;1H~                                                                               [15;1H~                                                                               [16;1H~                                                                               [17;1H~                                                                               [18;1H~                                                                               [19;1H~                                                                               [20;1H~                                                                               [21;1H~                                                                               [22;1H~                                                                               [23;1H~                                                                               [m[24;63H1,1[11CAll"~/csci241/lab-1-sethwalloch/writeup.txt" 2L, 56C[1;1HP+q436f\P+q6b75\P+q6b64\P+q6b72\P+q6b6c\P+q2332\P+q2334\P+q2569\P+q2a37\P+q6b31\[?12l[?25h[?25l[24;63H2[2;1H[?12l[?25h[?25l[24;65H2[2;2H[?12l[?25h[?25l[24;65H3[2;3H[?12l[?25h[?25l[24;65H4[2;4H[?12l[?25h[?25l[24;65H5[2;5H[?12l[?25h[?25l[24;65H6[2;6H[?12l[?25h[?25l[24;65H7[2;7H[?12l[?25h[?25l[24;65H8[2;8H[?12l[?25h[?25l[24;65H9[2;9H[?12l[?25h[?25l[24;65H10[2;10H[?12l[?25h[?25l[24;66H1[2;11H[?12l[?25h[?25l[24;66H2[2;12H[?12l[?25h[?25l[24;66H3[2;13H[?12l[?25h[?25l[24;66H4[2;14H[?12l[?25h[?25l[24;66H5[2;15H[?12l[?25h[?25l[24;66H6[2;16H[?12l[?25h[?25l[24;66H7[2;17H[?12l[?25h[?25l[24;66H8[2;18H[?12l[?25h[?25l[24;66H9[2;19H[?12l[?25h[?25l[24;65H20[2;20H[?12l[?25h[?25l[24;66H1[2;21H[?12l[?25h[?25l[24;66H2[2;22H[?12l[?25h[?25l[24;66H3[2;23H[?12l[?25h[?25l[24;66H4[2;24H[?12l[?25h[?25l[24;66H5[2;25H[?12l[?25h[?25l[24;66H6[2;26H[?12l[?25h[?25l[24;66H7[2;27H[?12l[?25h[?25l[24;66H8[2;28H[?12l[?25h[?25l[24;66H9[2;29H[?12l[?25h[?25l[24;65H30[2;30H[?12l[?25h[?25l[24;66H1[2;31H[?12l[?25h[?25l[24;66H2[2;32H[?12l[?25h[?25l[24;66H3[2;33H[?12l[?25h[?25l[24;66H4[2;34H[?12l[?25h[?25l[24;66H5[2;35H[?12l[?25h[?25l[24;66H6[2;36H[?12l[?25h[?25l[24;66H7[2;37H[?12l[?25h[?25l[24;66H8[2;38H[?12l[?25h[?25l[24;66H9[2;39H[?12l[?25h[?25l[24;1H[1m-- INSERT --[m[24;13H[K[24;63H2,39[10CAll[2;39H[?12l[?25h[?25l[2;39H[K[3;1Hs[3;2H[K[24;63H3,1 ]2;writeup.txt + (~/csci241/lab-1-sethwalloch) - VIM]1;writeup.txt[3;1H[?12l[?25h[?25l[2;39Hs
[94m~                                                                               [m[24;63H2,39[2;39H[?12l[?25h[?25lss[24;65H40[2;40H[?12l[?25h[?25l[24;66H1[2;41H[?12l[?25h[?25l[24;66H0[2;40H[?12l[?25h[?25l[2;40H[K[24;65H39[2;39H[?12l[?25h[?25l[24;65H40[2;40H[?12l[?25h[?25l[3;1H[K[24;63H3,1 [3;1H[?12l[?25h[?25l3[24;65H2[3;2H[?12l[?25h[?25l)[24;65H3[3;3H[?12l[?25h[?25l[24;65H4[3;4H[?12l[?25h[?25lB[24;65H5[3;5H[?12l[?25h[?25lr[24;65H6[3;6H[?12l[?25h[?25lo[24;65H7[3;7H[?12l[?25h[?25lk[24;65H8[3;8H[?12l[?25h[?25le[24;65H9[3;9H[?12l[?25h[?25ln[24;65H10[3;10H[?12l[?25h[?25lb[24;66H1[3;11H[?12l[?25h[?25l[24;66H2[3;12H[?12l[?25h[?25l[24;66H1[3;11H[?12l[?25h[?25l[3;10H[K[24;66H0[3;10H[?12l[?25h[?25l[24;66H1[3;11H[?12l[?25h[?25lb[24;66H2[3;12H[?12l[?25h[?25ly[24;66H3[3;13H[?12l[?25h[?25l[24;66H4[3;14H[?12l[?25h[?25lL[24;66H5[3;15H[?12l[?25h[?25lu[24;66H6[3;16H[?12l[?25h[?25ln[24;66H7[3;17H[?12l[?25h[?25ld[24;66H8[3;18H[?12l[?25h[24;1H[K[3;17H[?25l[24;63H3,17[10CAll[3;17H[?12l[?25h[?25l[24;63H[K[24;1H:[?12l[?25hx[?25l[?12l[?25h[?25l"writeup.txt" 3L, 74C written]2;Terminal]1;Terminal
[?1l>[?12l[?25h[?1049lwallocs@CF165-13:~/csci241/lab-1-sethwalloch$ git add
Nothing specified, nothing added.
Maybe you wanted to say 'git add .'?
wallocs@CF165-13:~/csci241/lab-1-sethwalloch$ git add writeup.txt
wallocs@CF165-13:~/csci241/lab-1-sethwalloch$ git commit -m "Added question 3 to  this branch"
[question3 f9b9ccc] Added question 3 to this branch
 1 file changed, 1 insertion(+)
wallocs@CF165-13:~/csci241/lab-1-sethwalloch$ git status
On branch question3
nothing to commit, working directory clean
wallocs@CF165-13:~/csci241/lab-1-sethwalloch$ git status
On branch question3
nothing to commit, working directory clean
wallocs@CF165-13:~/csci241/lab-1-sethwalloch$ checkout
checkout: command not found
wallocs@CF165-13:~/csci241/lab-1-sethwalloch$ git checkout
wallocs@CF165-13:~/csci241/lab-1-sethwalloch$ git checkout master
Switched to branch 'master'
Your branch is up-to-date with 'origin/master'.
wallocs@CF165-13:~/csci241/lab-1-sethwalloch$ git checkout question3
Switched to branch 'question3'
wallocs@CF165-13:~/csci241/lab-1-sethwalloch$ git checkout master
Switched to branch 'master'
Your branch is up-to-date with 'origin/master'.
wallocs@CF165-13:~/csci241/lab-1-sethwalloch$ edit writeup.txt
Unescaped left brace in regex is deprecated, passed through in regex; marked by <-- HERE in m/%{ <-- HERE (.*?)}/ at /usr/bin/edit line 528.
[?1049h[?1h=[2;1Hâ–½[6n[2;1H  [1;1H]11;?[1;24r[?12;25h[?12l[?25h[27m[23m[m[H[2J[?25l[24;1H"~/csci241/lab-1-sethwalloch/writeup.txt" 2L, 56C[>c[1;1H1) Seth Walloch
2) Longboarding, Basketball, and Tennis
[94m~                                                                               [4;1H~                                                                               [5;1H~                                                                               [6;1H~                                                                               [7;1H~                                                                               [8;1H~                                                                               [9;1H~                                                                               [10;1H~                                                                               [11;1H~                                                                               [12;1H~                                                                               [13;1H~                                                                               [14;1H~                                                                               [15;1H~                                                                               [16;1H~                                                                               [17;1H~                                                                               [18;1H~                                                                               [19;1H~                                                                               [20;1H~                                                                               [21;1H~                                                                               [22;1H~                                                                               [23;1H~                                                                               [m[24;63H1,1[11CAll]2;writeup.txt (~/csci241/lab-1-sethwalloch) - VIM]1;writeup.txt[1;1H[?12l[?25h[27m[23m[m[H[2J[?25l[1;1H1) Seth Walloch
2) Longboarding, Basketball, and Tennis
[94m~                                                                               [4;1H~                                                                               [5;1H~                                                                               [6;1H~                                                                               [7;1H~                                                                               [8;1H~                                                                               [9;1H~                                                                               [10;1H~                                                                               [11;1H~                                                                               [12;1H~                                                                               [13;1H~                                                                               [14;1H~                                                                               [15;1H~                                                                               [16;1H~                                                                               [17;1H~                                                                               [18;1H~                                                                               [19;1H~                                                                               [20;1H~                                                                               [21;1H~                                                                               [22;1H~                                                                               [23;1H~                                                                               [m[24;63H1,1[11CAll"~/csci241/lab-1-sethwalloch/writeup.txt" 2L, 56C[1;1HP+q436f\P+q6b75\P+q6b64\P+q6b72\P+q6b6c\P+q2332\P+q2334\P+q2569\P+q2a37\P+q6b31\[?12l[?25h[?25l[24;1H[1m-- INSERT --[m[24;13H[K[24;63H1,1[11CAll[1;1H[?12l[?25h[24;1H[K[1;1H[?25l[24;63H1,1[11CAll[1;1H[?12l[?25h[?25l[24;63H[K[24;1H:[?12l[?25hx[?25l[?12l[?25h[?25l]2;Terminal]1;Terminal[24;1H[K[24;1H[?1l>[?12l[?25h[?1049lwallocs@CF165-13:~/csci241/lab-1-sethwalloch$ git hc[K[Kcge[K[Kheckout -b hotfix[K[K[K[K[K[K[K[K[K[K[K[K[K[K[K[K[K[Kmerge quesdt[K[Ktion [K3
Updating 61eaf5c..f9b9ccc
Fast-forward
 writeup.txt | 1 [32m+[m
 1 file changed, 1 insertion(+)
wallocs@CF165-13:~/csci241/lab-1-sethwalloch$ git branch -d question3
Deleted branch question3 (was f9b9ccc).
wallocs@CF165-13:~/csci241/lab-1-sethwalloch$ git add w[K[K[K[K[K[K[K[K[Kedi[K[K[Kedit writeup.txt
Unescaped left brace in regex is deprecated, passed through in regex; marked by <-- HERE in m/%{ <-- HERE (.*?)}/ at /usr/bin/edit line 528.
[?1049h[?1h=[2;1Hâ–½[6n[2;1H  [1;1H]11;?[1;24r[?12;25h[?12l[?25h[27m[23m[m[H[2J[?25l[24;1H"~/csci241/lab-1-sethwalloch/writeup.txt" 3L, 74C[>c[1;1H1) Seth Walloch
2) Longboarding, Basketball, and Tennis
3) Broken by Lund
[94m~                                                                               [5;1H~                                                                               [6;1H~                                                                               [7;1H~                                                                               [8;1H~                                                                               [9;1H~                                                                               [10;1H~                                                                               [11;1H~                                                                               [12;1H~                                                                               [13;1H~                                                                               [14;1H~                                                                               [15;1H~                                                                               [16;1H~                                                                               [17;1H~                                                                               [18;1H~                                                                               [19;1H~                                                                               [20;1H~                                                                               [21;1H~                                                                               [22;1H~                                                                               [23;1H~                                                                               [m[24;63H1,1[11CAll]2;writeup.txt (~/csci241/lab-1-sethwalloch) - VIM]1;writeup.txt[1;1H[?12l[?25h[27m[23m[m[H[2J[?25l[1;1H1) Seth Walloch
2) Longboarding, Basketball, and Tennis
3) Broken by Lund
[94m~                                                                               [5;1H~                                                                               [6;1H~                                                                               [7;1H~                                                                               [8;1H~                                                                               [9;1H~                                                                               [10;1H~                                                                               [11;1H~                                                                               [12;1H~                                                                               [13;1H~                                                                               [14;1H~                                                                               [15;1H~                                                                               [16;1H~                                                                               [17;1H~                                                                               [18;1H~                                                                               [19;1H~                                                                               [20;1H~                                                                               [21;1H~                                                                               [22;1H~                                                                               [23;1H~                                                                               [m[24;63H1,1[11CAll"~/csci241/lab-1-sethwalloch/writeup.txt" 3L, 74C[1;1HP+q436f\P+q6b75\P+q6b64\P+q6b72\P+q6b6c\P+q2332\P+q2334\P+q2569\P+q2a37\P+q6b31\[?12l[?25h[?25l[24;1H[1m-- INSERT --[m[24;13H[K[24;63H1,1[11CAll[1;1H[?12l[?25h[24;1H[K[1;1H[?25l[24;63H1,1[11CAll[1;1H[?12l[?25h[?25l[24;63H[K[24;1H:[?12l[?25hx[?25l[?12l[?25h[?25l]2;Terminal]1;Terminal[24;1H[K[24;1H[?1l>[?12l[?25h[?1049lwallocs@CF165-13:~/csci241/lab-1-sethwalloch$ guit[K[K[Kit push[K[K[K[Kadd[K[K[Kpush [K
warning: push.default is unset; its implicit value has changed in
Git 2.0 from 'matching' to 'simple'. To squelch this message
and maintain the traditional behavior, use:

  git config --global push.default matching

To squelch this message and adopt the new behavior now, use:

  git config --global push.default simple

When push.default is set to 'matching', git will push local branches
to the remote branches that already exist with the same name.

Since Git 2.0, Git defaults to the more conservative 'simple'
behavior, which only pushes the current branch to the corresponding
remote branch that 'git pull' uses to update the current branch.

See 'git help config' and search for 'push.default' for further information.
(the 'simple' mode was introduced in Git 1.7.11. Use the similar mode
'current' instead of 'simple' if you sometimes use older versions of Git)

Username for 'https://github.com': sethwalloch
Password for 'https://sethwalloch@github.com': 
Counting objects: 3, done.
Delta compression using up to 8 threads.
Compressing objects:  33% (1/3)   Compressing objects:  66% (2/3)   Compressing objects: 100% (3/3)   Compressing objects: 100% (3/3), done.
Writing objects:  33% (1/3)   Writing objects:  66% (2/3)   Writing objects: 100% (3/3)   Writing objects: 100% (3/3), 336 bytes | 0 bytes/s, done.
Total 3 (delta 1), reused 0 (delta 0)
remote: Resolving deltas:   0% (0/1)   [Kremote: Resolving deltas: 100% (1/1)   [Kremote: Resolving deltas: 100% (1/1), completed with 1 local object.[K
To https://github.com/CSCI241Spring2019/lab-1-sethwalloch.git
   61eaf5c..f9b9ccc  master -> master
wallocs@CF165-13:~/csci241/lab-1-sethwalloch$ gradle bui;ld[K[K[Kld
[0mStarting a Gradle Daemon (subsequent builds will be faster)


[2A[1B[1m> Starting Daemon[m[17D[1B[1A[1m> Starting Daemon[m[17D[1B[1A[1m> Starting Daemon[m[17D[1B[1A[1m> Starting Daemon[m[17D[1B[1A[1m> Starting Daemon[m[17D[1B[1A[1m> Starting Daemon[m[17D[1B[1A[1m> Starting Daemon[m[17D[1B[1A[1m> Starting Daemon[m[17D[1B[1A[1m> Starting Daemon[m[17D[1B[1A[1m> Starting Daemon[m[17D[1B[1A> IDLE[0K[6D[1B[2A[1m<[0;32;1;0;39;1m-------------> 0% INITIALIZING [0s][m[36D[1B[1m> Evaluating settings[m[21D[1B[2A[1m<[0;32;1;0;39;1m-------------> 0% INITIALIZING [0s][m[36D[1B[1m> Evaluating settings[m[21D[1B[2A[1m<[0;32;1;0;39;1m-------------> 0% INITIALIZING [0s][m[36D[1B[1m> Evaluating settings[m[21D[1B[2A[1m<[0;32;1;0;39;1m-------------> 0% CONFIGURING [0s][m[0K[35D[1B[1m> Loading projects[m[0K[18D[1B[2A[1m<[0;32;1;0;39;1m-------------> 0% CONFIGURING [0s][m[35D[1B[1m> root project[m[0K[14D[1B[2A[1m<[0;32;1;0;39;1m-------------> 0% CONFIGURING [0s][m[35D[1B[1m> root project[m[14D[1B[2A[1m<[0;32;1;0;39;1m-------------> 0% CONFIGURING [0s][m[35D[1B[1m> root project[m[14D[1B[2A[1m<[0;32;1;0;39;1m-------------> 0% CONFIGURING [0s][m[35D[1B[1m> root project[m[14D[1B[2A[1m<[0;32;1;0;39;1m-------------> 0% CONFIGURING [0s][m[35D[1B[1m> root project[m[14D[1B[2A[1m<[0;32;1;0;39;1m-------------> 0% CONFIGURING [1s][m[35D[1B[1m> root project[m[14D[1B[2A[1m<[0;32;1;0;39;1m-------------> 0% CONFIGURING [1s][m[35D[1B[1m> root project[m[14D[1B[2A[1m<[0;32;1m=============[0;39;1m> 100% CONFIGURING [1s][m[37D[1B> IDLE[0K[6D[1B[2A[1m<[0;32;1;0;39;1m-------------> 0% EXECUTING [1s][m[0K[33D[2B[2A[1m<[0;32;1;0;39;1m-------------> 0% EXECUTING [1s][m[33D[1B[1m> :compileJava[m[14D[1B[2A[1m<[0;32;1;0;39;1m-------------> 0% EXECUTING [1s][m[33D[1B[1m> :compileJava[m[14D[1B[2A[1m<[0;32;1;0;39;1m-------------> 0% EXECUTING [1s][m[33D[1B[1m> :compileJava[m[14D[1B[2A[1m<[0;32;1m===[0;39;1m----------> 28% EXECUTING [1s][m[34D[1B[1m> :startScripts[m[15D[1B[2A[1m<[0;32;1m===[0;39;1m----------> 28% EXECUTING [1s][m[34D[1B[1m> :startScripts[m[15D[1B[2A[1m<[0;32;1m====[0;39;1m---------> 35% EXECUTING [1s][m[34D[1B[1m> :distTar[m[0K[10D[1B[2A[0K
[32;1mBUILD SUCCESSFUL[0;39m in 4s
5 actionable tasks: 5 executed
[0K
[0K
[2A[1m<[0;32;1;0;39;1m-------------> 0% WAITING[m[26D[1B[1m> :distTar[m[10D[1B[2A[2K[1B[2K[1A[0mwallocs@CF165-13:~/csci241/lab-1-sethwalloch$ grade[Ke[Kle run
[0m

[2A[1m<[0;32;1m=========[0;39;1m----> 75% EXECUTING [0s][m[34D[1B[1m> :run[m[6D[1B[2A[0K
[1m> Task :run[m
Hello World!

[32;1mBUILD SUCCESSFUL[0;39m in 0s
2 actionable tasks: 1 executed, 1 up-to-date
[0K
[0K
[2A[1m<[0;32;1;0;39;1m-------------> 0% WAITING[m[26D[1B[1m> :run[m[6D[1B[2A[2K[1B[2K[1A[0mwallocs@CF165-13:~/csci241/lab-1-sethwalloch$ edit src/main/java/lab1/Hello.java [A[C[C[C[C[C[C[C[C[C[C[C[C[C[C[C[C[C[C[C[C[C[C[C[C[C[C[C[C[C[C[C[C[C[C[C[C[C[C[C[C[C[C[C[C[C[C[C[C[C[C[C[C[C[C[C[C[C[C[C[C[C[C[C[C[C[C[C[C[C[C[C[C[C[C[C[C[C[C[C[Ka
Unescaped left brace in regex is deprecated, passed through in regex; marked by <-- HERE in m/%{ <-- HERE (.*?)}/ at /usr/bin/edit line 528.
[?1049h[?1h=[2;1Hâ–½[6n[2;1H  [1;1H]11;?[1;24r[?12;25h[?12l[?25h[27m[23m[m[H[2J[?25l[24;1H"~/csci241/lab-1-sethwalloch/src/main/java/lab1/Hello.java"<41/lab-1-sethwalloch/src/main/java/lab1/Hello.java" 7L, 131C[>c[27m[23m[m[H[2J[1;1H[38;5;81mpackage[m lab1;

[38;5;121mpublic[m [38;5;121mclass[m Hello{
    [38;5;121mpublic[m [38;5;121mstatic[m [38;5;121mvoid[m main(String[] args){[5;9HSystem.out.println([95m"Hello World!"[m);
    }
}
[94m~                                                                               [9;1H~                                                                               [10;1H~                                                                               [11;1H~                                                                               [12;1H~                                                                               [13;1H~                                                                               [14;1H~                                                                               [15;1H~                                                                               [16;1H~                                                                               [17;1H~                                                                               [18;1H~                                                                               [19;1H~                                                                               [20;1H~                                                                               [21;1H~                                                                               [22;1H~                                                                               [23;1H~                                                                               [m[24;63H1,1[11CAll<41/lab-1-sethwalloch/src/main/java/lab1/Hello.java" 7L, 131C    [11C   [1;1H]2;Hello.java (~/csci241/lab-1-sethwalloch/src/main/java/lab1) - VIM]1;Hello.java[?12l[?25hP+q436f\P+q6b75\P+q6b64\P+q6b72\P+q6b6c\P+q2332\P+q2334\P+q2569\P+q2a37\P+q6b31\[?25l[24;63H1,2[11CAll[1;2H[?12l[?25h[?25l[24;63H2,0-1[2;1H[?12l[?25h[?25l[24;63H3,2  [3;2H[?12l[?25h[?25l[24;65H3[3;3H[?12l[?25h[?25l[24;63H4[4;3H[?12l[?25h[?25l[24;65H4[4;4H[?12l[?25h[?25l[24;63H5[5;4H[?12l[?25h[?25l[24;65H5[5;5H[?12l[?25h[?25l[24;65H6[5;6H[?12l[?25h[?25l[24;65H7[5;7H[?12l[?25h[?25l[24;65H8[5;8H[?12l[?25h[?25l[24;65H9[5;9H[?12l[?25h[?25l[24;65H10[5;10H[?12l[?25h[?25l[24;66H1[5;11H[?12l[?25h[?25l[24;66H2[5;12H[?12l[?25h[?25l[24;66H3[5;13H[?12l[?25h[?25l[24;66H4[5;14H[?12l[?25h[?25l[24;66H5[5;15H[?12l[?25h[?25l[24;66H6[5;16H[?12l[?25h[?25l[24;66H7[5;17H[?12l[?25h[?25l[24;66H8[5;18H[?12l[?25h[?25l[24;66H9[5;19H[?12l[?25h[?25l[24;65H20[5;20H[?12l[?25h[?25l[24;66H1[5;21H[?12l[?25h[?25l[24;66H2[5;22H[?12l[?25h[?25l[24;66H3[5;23H[?12l[?25h[?25l[24;66H4[5;24H[?12l[?25h[?25l[24;66H5[5;25H[?12l[?25h[?25l[24;66H6[5;26H[?12l[?25h[?25ln[46m([14C)[m[24;66H7[5;27H[?12l[?25h[?25l([14C)[24;66H8[5;28H[?12l[?25h[?25l[24;66H9[5;29H[?12l[?25h[?25l[24;65H30[5;30H[?12l[?25h[?25l[24;66H1[5;31H[?12l[?25h[?25l[24;66H2[5;32H[?12l[?25h[?25l[24;66H3[5;33H[?12l[?25h[?25l[24;66H4[5;34H[?12l[?25h[?25l[24;66H5[5;35H[?12l[?25h[?25l[24;66H6[5;36H[?12l[?25h[?25l[24;66H7[5;37H[?12l[?25h[?25l[24;66H8[5;38H[?12l[?25h[?25l[24;66H9[5;39H[?12l[?25h[?25l[24;66H8[5;38H[?12l[?25h[?25l[24;66H7[5;37H[?12l[?25h[?25l[24;66H6[5;36H[?12l[?25h[?25l[24;66H7[5;37H[?12l[?25h[?25l[24;66H8[5;38H[?12l[?25h[?25l[24;66H9[5;39H[?12l[?25h[?25l[24;65H40[5;40H[?12l[?25h[?25l[24;1H[1m-- INSERT --[m[24;13H[K[24;63H5,40[10CAll[5;40H[?12l[?25h[?25l[24;65H39[5;39H[?12l[?25h[?25l[24;65H40[5;40H[?12l[?25h[?25l[95m!"[m);[5;43H[K[24;65H39]2;Hello.java + (~/csci241/lab-1-sethwalloch/src/main/java/lab1) - VIM]1;Hello.java[5;39H[?12l[?25h[?25l[95m!"[m);[5;42H[K[24;66H8[5;38H[?12l[?25h[?25l[95m!"[m);[5;41H[K[24;66H7[5;37H[?12l[?25h[?25l[24;66H8[5;38H[?12l[?25h[?25l[95m"[m);[5;40H[K[24;66H7[5;37H[?12l[?25h[?25l[95m"[m);[5;39H[K[24;66H6[5;36H[?12l[?25h[?25l[95m"[m);[5;38H[K[24;66H5[5;35H[?12l[?25h[?25l[95m2"[m);[24;66H6[5;36H[?12l[?25h[?25l[95m4"[m);[24;66H7[5;37H[?12l[?25h[?25l[95m1"[m);[24;66H8[5;38H[?12l[?25h[?25l[95m!"[m);[24;66H9[5;39H[?12l[?25h[24;1H[K[5;38H[?25l[24;63H5,38[10CAll[5;38H[?12l[?25h[?25l[24;63H[K[24;1H:[?12l[?25hx[?25l[?12l[?25h[?25l"src/main/java/lab1/Hello.java" 7L, 129C written]2;Terminal]1;Terminal
[?1l>[?12l[?25h[?1049lwallocs@CF165-13:~/csci241/lab-1-sethwalloch$ gradle run
[0m

[2A[1m<[0;32;1;0;39;1m-------------> 0% EXECUTING [0s][m[33D[1B[1m> :compileJava[m[14D[1B[2A[0K
[1m> Task :run[m[0K
Hello 241!

[32;1mBUILD SUCCESSFUL[0;39m in 0s
2 actionable tasks: 2 executed
[0K
[0K
[2A[1m<[0;32;1;0;39;1m-------------> 0% WAITING[m[26D[1B[1m> :compileJava[m[14D[1B[2A[2K[1B[2K[1A[0mwallocs@CF165-13:~/csci241/lab-1-sethwalloch$ git add src/main/java/lab1/Hello.j avaa[K
wallocs@CF165-13:~/csci241/lab-1-sethwalloch$ git commit -m "Hee[Kllo now prints co mmand lon[K[Kine arg"
[master 90eff0f] Hello now prints command line arg
 1 file changed, 1 insertion(+), 1 deletion(-)
wallocs@CF165-13:~/csci241/lab-1-sethwalloch$ git push
warning: push.default is unset; its implicit value has changed in
Git 2.0 from 'matching' to 'simple'. To squelch this message
and maintain the traditional behavior, use:

  git config --global push.default matching

To squelch this message and adopt the new behavior now, use:

  git config --global push.default simple

When push.default is set to 'matching', git will push local branches
to the remote branches that already exist with the same name.

Since Git 2.0, Git defaults to the more conservative 'simple'
behavior, which only pushes the current branch to the corresponding
remote branch that 'git pull' uses to update the current branch.

See 'git help config' and search for 'push.default' for further information.
(the 'simple' mode was introduced in Git 1.7.11. Use the similar mode
'current' instead of 'simple' if you sometimes use older versions of Git)

Username for 'https://github.com': Se  sethwallocgh  h  
Password for 'https://sethwalloch@github.com': 
Counting objects: 7, done.
Delta compression using up to 8 threads.
Compressing objects:  33% (1/3)   Compressing objects:  66% (2/3)   Compressing objects: 100% (3/3)   Compressing objects: 100% (3/3), done.
Writing objects:  14% (1/7)   Writing objects:  28% (2/7)   Writing objects:  42% (3/7)   Writing objects:  57% (4/7)   Writing objects:  71% (5/7)   Writing objects:  85% (6/7)   Writing objects: 100% (7/7)   Writing objects: 100% (7/7), 479 bytes | 0 bytes/s, done.
Total 7 (delta 2), reused 0 (delta 0)
remote: Resolving deltas:   0% (0/2)   [Kremote: Resolving deltas:  50% (1/2)   [Kremote: Resolving deltas: 100% (2/2)   [Kremote: Resolving deltas: 100% (2/2), completed with 2 local objects.[K
To https://github.com/CSCI241Spring2019/lab-1-sethwalloch.git
   f9b9ccc..90eff0f  master -> master
wallocs@CF165-13:~/csci241/lab-1-sethwalloch$ exit[K[K[K[Kcd[K[Kcd home
bash: cd: home: No such file or directory
wallocs@CF165-13:~/csci241/lab-1-sethwalloch$ cd
wallocs@CF165-13:~$ exi[Kit
exit

Script done on Thu 11 Apr 2019 10:41:49 AM PDT
Script started on Thu 11 Apr 2019 10:51:26 AM PDT
wallocs@CF165-13:~/csci241/lab-1-sethwalloch$ gradle run
[0m

[1A[1m> Connecting to Daemon[m[22D[1B[2A[1m<[0;32;1m=========[0;39;1m----> 75% EXECUTING [0s][m[34D[1B[1m> :run[m[0K[6D[1B[2A[0K
[1m> Task :run[m
Hello 241!

[32;1mBUILD SUCCESSFUL[0;39m in 0s
2 actionable tasks: 1 executed, 1 up-to-date
[0K
[0K
[2A[1m<[0;32;1;0;39;1m-------------> 0% WAITING[m[26D[1B[1m> :run[m[6D[1B[2A[2K[1B[2K[1A[0mwallocs@CF165-13:~/csci241/lab-1-sethwalloch$ gradle run --args "cscu[Ki [K241[K[K[K[K[K[K[K241"
[0m

[1A[1m> Connecting to Daemon[m[22D[1B[2A[1m<[0;32;1m=========[0;39;1m----> 75% EXECUTING [0s][m[34D[1B[1m> :run[m[0K[6D[1B[2A[0K
[1m> Task :run[m
Hello 241!

[32;1mBUILD SUCCESSFUL[0;39m in 0s
2 actionable tasks: 1 executed, 1 up-to-date
[0K
[0K
[2A[1m<[0;32;1;0;39;1m-------------> 0% WAITING[m[26D[1B[1m> :run[m[6D[1B[2A[2K[1B[2K[1A[0mwallocs@CF165-13:~/csci241/lab-1-sethwalloch$ cd
wallocs@CF165-13:~$ cd
wallocs@CF165-13:~$ cd csci241
wallocs@CF165-13:~/csci241$ 
Display all 4817 possibilities? (y or n)
wallocs@CF165-13:~/csci241$ 
wallocs@CF165-13:~/csci241$ cd lab-1-sethwalloch/
wallocs@CF165-13:~/csci241/lab-1-sethwalloch$ gradle run
[0m
[1A
[1m> Task :run[m
Hello 241!

[32;1mBUILD SUCCESSFUL[0;39m in 0s
2 actionable tasks: 1 executed, 1 up-to-date

[1A[1m<[0;32;1;0;39;1m-------------> 0% WAITING[m[26D[1B[1A[1m<[0;32;1;0;39;1m-------------> 0% WAITING[m[26D[1B[1A[2K[0mwallocs@CF165-13:~/csci241/lab-1-sethwalloch$ exit
exit

Script done on Thu 11 Apr 2019 10:57:31 AM PDT
Script started on Thu 11 Apr 2019 11:00:27 AM PDT
wallocs@CF165-13:~/csci241/lab-1-sethwalloch$ git [K[K[K[Kgradle run
[0m

[1A[1m> Connecting to Daemon[m[22D[1B[2A[1m<[0;32;1m=========[0;39;1m----> 75% EXECUTING [0s][m[34D[1B[1m> :run[m[0K[6D[1B[2A[0K
[1m> Task :run[m
Hello 241!

[32;1mBUILD SUCCESSFUL[0;39m in 0s
2 actionable tasks: 1 executed, 1 up-to-date
[0K
[0K
[2A[1m<[0;32;1;0;39;1m-------------> 0% WAITING[m[26D[1B[1m> :run[m[6D[1B[2A[2K[1B[2K[1A[0mwallocs@CF165-13:~/csci241/lab-1-sethwalloch$ edit src/main/java/lab1/Hello.java [A[C[C[C[C[C[C[C[C[C[C[C[C[C[C[C[C[C[C[C[C[C[C[C[C[C[C[C[C[C[C[C[C[C[C[C[C[C[C[C[C[C[C[C[C[C[C[C[C[C[C[C[C[C[C[C[C[C[C[C[C[C[C[C[C[C[C[C[C[C[C[C[C[C[C[C[C[C[C[C[Ka
Unescaped left brace in regex is deprecated, passed through in regex; marked by <-- HERE in m/%{ <-- HERE (.*?)}/ at /usr/bin/edit line 528.
[?1049h[?1h=[2;1Hâ–½[6n[2;1H  [1;1H]11;?[1;24r[?12;25h[?12l[?25h[27m[23m[m[H[2J[?25l[24;1H"~/csci241/lab-1-sethwalloch/src/main/java/lab1/Hello.java"<41/lab-1-sethwalloch/src/main/java/lab1/Hello.java" 7L, 129C[>c[1;1H[35mpackage[m lab1;

[32mpublic[m [32mclass[m Hello{
    [32mpublic[m [32mstatic[m [32mvoid[m main(String[] args){[5;9HSystem.out.println([31m"Hello 241!"[m);
    }
}
[94m~                                                                               [9;1H~                                                                               [10;1H~                                                                               [11;1H~                                                                               [12;1H~                                                                               [13;1H~                                                                               [14;1H~                                                                               [15;1H~                                                                               [16;1H~                                                                               [17;1H~                                                                               [18;1H~                                                                               [19;1H~                                                                               [20;1H~                                                                               [21;1H~                                                                               [22;1H~                                                                               [23;1H~                                                                               [m[24;63H1,1[11CAll]2;Hello.java (~/csci241/lab-1-sethwalloch/src/main/java/lab1) - VIM]1;Hello.java[1;1H[?12l[?25h[27m[23m[m[H[2J[?25l[1;1H[38;5;81mpackage[m lab1;

[38;5;121mpublic[m [38;5;121mclass[m Hello{
    [38;5;121mpublic[m [38;5;121mstatic[m [38;5;121mvoid[m main(String[] args){[5;9HSystem.out.println([95m"Hello 241!"[m);
    }
}
[94m~                                                                               [9;1H~                                                                               [10;1H~                                                                               [11;1H~                                                                               [12;1H~                                                                               [13;1H~                                                                               [14;1H~                                                                               [15;1H~                                                                               [16;1H~                                                                               [17;1H~                                                                               [18;1H~                                                                               [19;1H~                                                                               [20;1H~                                                                               [21;1H~                                                                               [22;1H~                                                                               [23;1H~                                                                               [m[24;63H1,1[11CAll<41/lab-1-sethwalloch/src/main/java/lab1/Hello.java" 7L, 129C[1;1H[?12l[?25hP+q436f\P+q6b75\P+q6b64\P+q6b72\P+q6b6c\P+q2332\P+q2334\P+q2569\P+q2a37\P+q6b31\[?25l[24;63H2,0-1[2;1H[?12l[?25h[?25l[24;63H3,1  [3;1H[?12l[?25h[?25l[24;65H2[3;2H[?12l[?25h[?25l[24;63H4[4;2H[?12l[?25h[?25l[24;65H3[4;3H[?12l[?25h[?25l[24;63H5[5;3H[?12l[?25h[?25l[24;65H4[5;4H[?12l[?25h[?25l[24;65H5[5;5H[?12l[?25h[?25l[24;65H6[5;6H[?12l[?25h[?25l[24;65H7[5;7H[?12l[?25h[?25l[24;65H8[5;8H[?12l[?25h[?25l[24;65H9[5;9H[?12l[?25h[?25l[24;65H10[5;10H[?12l[?25h[?25l[24;66H1[5;11H[?12l[?25h[?25l[24;66H2[5;12H[?12l[?25h[?25l[24;66H3[5;13H[?12l[?25h[?25l[24;66H4[5;14H[?12l[?25h[?25l[24;66H5[5;15H[?12l[?25h[?25l[24;66H6[5;16H[?12l[?25h[?25l[24;66H7[5;17H[?12l[?25h[?25l[24;66H8[5;18H[?12l[?25h[?25l[24;66H9[5;19H[?12l[?25h[?25l[24;65H20[5;20H[?12l[?25h[?25l[24;66H1[5;21H[?12l[?25h[?25l[24;66H2[5;22H[?12l[?25h[?25l[24;66H3[5;23H[?12l[?25h[?25l[24;66H4[5;24H[?12l[?25h[?25l[24;66H5[5;25H[?12l[?25h[?25l[24;66H6[5;26H[?12l[?25h[?25ln[46m([12C)[m[24;66H7[5;27H[?12l[?25h[?25l([12C)[24;66H8[5;28H[?12l[?25h[?25l[24;66H9[5;29H[?12l[?25h[?25l[24;65H30[5;30H[?12l[?25h[?25l[24;66H1[5;31H[?12l[?25h[?25l[24;66H2[5;32H[?12l[?25h[?25l[24;66H3[5;33H[?12l[?25h[?25l[24;66H4[5;34H[?12l[?25h[?25l[24;66H5[5;35H[?12l[?25h[?25l[24;66H6[5;36H[?12l[?25h[?25l[24;66H7[5;37H[?12l[?25h[?25l[24;66H8[5;38H[?12l[?25h[?25l[24;66H9[5;39H[?12l[?25h[?25l[24;66H8[5;38H[?12l[?25h[?25l[24;66H7[5;37H[?12l[?25h[?25l[24;66H6[5;36H[?12l[?25h[?25l[24;1H[1m-- INSERT --[m[24;13H[K[24;63H5,36[10CAll[5;36H[?12l[?25h[?25l[24;66H7[5;37H[?12l[?25h[?25l[24;66H8[5;38H[?12l[?25h[?25l[24;66H9[5;39H[?12l[?25h[?25l[95m"[m);[5;41H[K[24;66H8]2;Hello.java + (~/csci241/lab-1-sethwalloch/src/main/java/lab1) - VIM]1;Hello.java[5;38H[?12l[?25h[?25l[95m"[m);[5;40H[K[24;66H7[5;37H[?12l[?25h[?25l[95m"[m);[5;39H[K[24;66H6[5;36H[?12l[?25h[?25l[95m"[m);[5;38H[K[24;66H5[5;35H[?12l[?25h[?25l[95ma"[m);[24;66H6[5;36H[?12l[?25h[?25l[95mr"[m);[24;66H7[5;37H[?12l[?25h[?25l[95mg"[m);[24;66H8[5;38H[?12l[?25h[?25l[95ms"[m);[24;66H9[5;39H[?12l[?25h[?25l[95m["[m);[24;65H40[5;40H[?12l[?25h[?25l[95m0"[m);[24;66H1[5;41H[?12l[?25h[?25l[95m"[m);[5;43H[K[24;66H0[5;40H[?12l[?25h[?25l[95m"[m);[5;42H[K[24;65H39[5;39H[?12l[?25h[?25l[95m"[m);[5;41H[K[24;66H8[5;38H[?12l[?25h[?25l[95m"[m);[5;40H[K[24;66H7[5;37H[?12l[?25h[?25l[95m"[m);[5;39H[K[24;66H6[5;36H[?12l[?25h[?25l[95m"[m);[5;38H[K[24;66H5[5;35H[?12l[?25h[?25l[95m["[m);[24;66H6[5;36H[?12l[?25h[?25l[95m"[m);[5;38H[K[24;66H5[5;35H[?12l[?25h[?25l[95ma"[m);[24;66H6[5;36H[?12l[?25h[?25l[95mr"[m);[24;66H7[5;37H[?12l[?25h[?25l[95mg"[m);[24;66H8[5;38H[?12l[?25h[?25l[95ms"[m);[24;66H9[5;39H[?12l[?25h[?25l[95m"[m);[5;41H[K[24;66H8[5;38H[?12l[?25h[?25l[95m"[m);[5;40H[K[24;66H7[5;37H[?12l[?25h[?25l[95m"[m);[5;39H[K[24;66H6[5;36H[?12l[?25h[?25l[95m"[m);[5;38H[K[24;66H5[5;35H[?12l[?25h[?25l[95ma"[m);[24;66H6[5;36H[?12l[?25h[?25l[95m"[m);[5;38H[K[24;66H5[5;35H[?12l[?25h[?25l[95m+"[m);[24;66H6[5;36H[?12l[?25h[?25l[95m"[m);[5;38H[K[24;66H5[5;35H[?12l[?25h[?25l[5;27H[46m([8C)[m[24;66H6[5;36H[?12l[?25h[?25l[46m [m); [46m)[m[24;66H7[5;37H[?12l[?25h[?25l[5;27H([9C)[24;66H6[5;36H[?12l[?25h[?25l  );[24;66H7[5;37H[?12l[?25h[?25l+ );[24;66H8[5;38H[?12l[?25h[?25l  );[24;66H9[5;39H[?12l[?25h[?25la );[24;65H40[5;40H[?12l[?25h[?25lr );[24;66H1[5;41H[?12l[?25h[?25lg );[24;66H2[5;42H[?12l[?25h[?25ls );[24;66H3[5;43H[?12l[?25h[?25l[ );[24;66H4[5;44H[?12l[?25h[?25l[95m0[m );[24;66H5[5;45H[?12l[?25h[?25l] );[46m[[1C][m[24;66H6[5;46H[?12l[?25h[?25l[5;27H[46m([m[15C[[1C] [46m)[m[24;66H7[5;47H[?12l[?25h[?25l[24;66H8[5;48H[?12l[?25h[?25l[24;66H7[5;47H[?12l[?25h[?25l)[46m;[m[5;48H[K[5;46H[46m)[m;[24;66H6[5;46H[?12l[?25h[?25l[24;66H7[5;47H[?12l[?25h[?25l[5;27H([18C)[24;66H8[5;48H[?12l[?25h[?25l[5;27H[46m([18C)[m[24;66H7[5;47H[?12l[?25h[?25l[24;66H6[5;46H[?12l[?25h[?25l[46m [m); [46m)[m[24;66H7[5;47H[?12l[?25h[?25l[46m+[m);+[46m)[m[24;66H8[5;48H[?12l[?25h[?25l[46m [m); [46m)[m[24;66H9[5;49H[?12l[?25h[?25l[95m[46m"[m[95m);"[m[95m[46m)[m[24;65H50[5;50H[?12l[?25h[?25l[95m[46m![m[95m);![m[95m[46m)[m[24;66H1[5;51H[?12l[?25h[?25l[95m[46m"[m);[95m"[m[46m)[m[24;66H2[5;52H[?12l[?25h[?25l[24;4H[1mREPLACE --[m[24;63H[K[24;63H5,52[10CAll[5;52H[?12l[?25h[?25l[24;66H3[5;53H[?12l[?25h[?25l[5;27H([24C)[24;66H4[5;54H[?12l[?25h[24;1H[K[5;53H[?25l[24;63H5,53[10CAll[5;53H[?12l[?25h[?25l[24;1H[1m-- INSERT --[m[24;63H[K[24;63H5,53[10CAll[5;53H[?12l[?25h[24;1H[K[5;52H[?25l[5;27H[46m([24C)[m[24;63H5,52[10CAll[5;52H[?12l[?25h[?25l[24;63H[K[24;1H:[?12l[?25hx[?25l[?12l[?25h[?25l"src/main/java/lab1/Hello.java" 7L, 141C written]2;Terminal]1;Terminal
[?1l>[?12l[?25h[?1049lwallocs@CF165-13:~/csci241/lab-1-sethwalloch$ edit src/main/java/lab1/Hello.java [A[C[C[C[C[C[C[C[C[C[C[C[C[C[C[C[C[C[C[C[C[C[C[C[C[C[C[C[C[C[C[C[C[C[C[C[C[C[C[C[C[C[C[C[C[C[C[C[C[C[C[C[C[C[C[C[C[C[C[C[C[C[C[C[C[C[C[C[C[C[C[C[C[C[C[C[C[C[C[C[1P
[K[A[C[C[C[C[C[C[C[C[C[C[C[C[C[C[C[C[C[C[C[C[C[C[C[C[C[C[C[C[C[C[C[C[C[C[C[C[C[C[C[C[C[C[C[C[C[C[C[C[1P[C[1P src/main/java/lab1/Hello.java[1P src/main/java/lab1/Hello.javag src/main/java/lab1/Hello.javai src/main/java/lab1/Hello.javat src/main/java/lab1/Hello.java[C src/main/java/lab1/Hello.java [A[C[C[C[C[C[C[C[C[C[C[C[C[C[C[C[C[C[C[C[C[C[C[C[C[C[C[C[C[C[C[C[C[C[C[C[C[C[C[C[C[C[C[C[C[C[C[C[C[Ca src/main/java/lab1/Hello.javaa[A[C[C[C[C[C[C[C[C[C[C[C[C[C[C[C[C[C[C[C[C[C[C[C[C[C[C[C[C[C[C[C[C[C[C[C[C[C[C[C[C[C[C[C[C[C[C[C[C[C[Cd src/main/java/lab1/Hello.java[A[C[C[C[C[C[C[C[C[C[C[C[C[C[C[C[C[C[C[C[C[C[C[C[C[C[C[C[C[C[C[C[C[C[C[C[C[C[C[C[C[C[C[C[C[C[C[C[C[C[Cd src/main/java/lab1/Hello.java[A[C[C[C[C[C[C[C[C[C[C[C[C[C[C[C[C[C[C[C[C[C[C[C[C[C[C[C[C[C[C[C[C[C[C[C[C[C[C[C[C[C[C[C[C[C[C[C[C[C[C

wallocs@CF165-13:~/csci241/lab-1-sethwalloch$ gradle run
[0m

[2A[1m<[0;32;1m=========[0;39;1m----> 75% EXECUTING [0s][m[34D[1B[1m> :run[m[6D[1B[2A[0K
[31;1m> Task :run[0;39m[31m FAILED[39m
Exception in thread "main" java.lang.ArrayIndexOutOfBoundsException: 0
        at lab1.Hello.main(Hello.java:5)

[31mFAILURE: [39m[31mBuild failed with an exception.[39m

* What went wrong:
Execution failed for task ':run'.
[33m> [39mProcess 'command '/usr/lib/jvm/java-8-openjdk-amd64/bin/java'' finished with non-zero exit value 1

* Try:
Run with [1m--stacktrace[m option to get the stack trace. Run with [1m--info[m or [1m--debug[m option to get more log output. Run with [1m--scan[m to get full insights.

* Get more help at [1mhttps://help.gradle.org[m

[31;1mBUILD FAILED[0;39m in 0s
2 actionable tasks: 2 executed
[0K
[0K
[2A[1m<[0;32;1;0;39;1m-------------> 0% WAITING[m[26D[1B> IDLE[6D[1B[2A[1m<[0;32;1;0;39;1m-------------> 0% WAITING[m[26D[2B[2A[2K[1B[2K[1A[0mwallocs@CF165-13:~/csci241/lab-1-sethwalloch$ gradle run --args = [K[K[K[Ks="241"
[0m
[1A
[1m> Task :run[m
Hello 241!

[32;1mBUILD SUCCESSFUL[0;39m in 0s
2 actionable tasks: 1 executed, 1 up-to-date

[1A[1m<[0;32;1;0;39;1m-------------> 0% WAITING[m[26D[1B[1A[1m<[0;32;1;0;39;1m-------------> 0% WAITING[m[26D[1B[1A[2K[0mwallocs@CF165-13:~/csci241/lab-1-sethwalloch$ git add src/man[Kin/java/lab1/Hello.j ava
wallocs@CF165-13:~/csci241/lab-1-sethwalloch$ git commit -m "Did i[K[K[K[K[Kwrote the code corr ectly this time"
[master 9f24aa2] wrote the code correctly this time
 1 file changed, 1 insertion(+), 1 deletion(-)
wallocs@CF165-13:~/csci241/lab-1-sethwalloch$ gitp uah[K[K[K[K[K[Kt push
warning: push.default is unset; its implicit value has changed in
Git 2.0 from 'matching' to 'simple'. To squelch this message
and maintain the traditional behavior, use:

  git config --global push.default matching

To squelch this message and adopt the new behavior now, use:

  git config --global push.default simple

When push.default is set to 'matching', git will push local branches
to the remote branches that already exist with the same name.

Since Git 2.0, Git defaults to the more conservative 'simple'
behavior, which only pushes the current branch to the corresponding
remote branch that 'git pull' uses to update the current branch.

See 'git help config' and search for 'push.default' for further information.
(the 'simple' mode was introduced in Git 1.7.11. Use the similar mode
'current' instead of 'simple' if you sometimes use older versions of Git)

Username for 'https://github.com': sethwalloch
Password for 'https://sethwalloch@github.com': 
Counting objects: 7, done.
Delta compression using up to 8 threads.
Compressing objects:  33% (1/3)   Compressing objects:  66% (2/3)   Compressing objects: 100% (3/3)   Compressing objects: 100% (3/3), done.
Writing objects:  14% (1/7)   Writing objects:  28% (2/7)   Writing objects:  42% (3/7)   Writing objects:  57% (4/7)   Writing objects:  71% (5/7)   Writing objects:  85% (6/7)   Writing objects: 100% (7/7)   Writing objects: 100% (7/7), 487 bytes | 0 bytes/s, done.
Total 7 (delta 2), reused 0 (delta 0)
remote: Resolving deltas:   0% (0/2)   [Kremote: Resolving deltas:  50% (1/2)   [Kremote: Resolving deltas: 100% (2/2)   [Kremote: Resolving deltas: 100% (2/2), completed with 2 local objects.[K
To https://github.com/CSCI241Spring2019/lab-1-sethwalloch.git
   3d007a4..9f24aa2  master -> master
wallocs@CF165-13:~/csci241/lab-1-sethwalloch$ exit
exit

Script done on Thu 11 Apr 2019 11:04:11 AM PDT
